Archive member included because of file (symbol)

c:/program files (x86)/gnu tools arm embedded/4.9 2015q2/bin/../lib/gcc/arm-none-eabi/4.9.3/armv6-m\libgcc.a(_udivsi3.o)
                              ..\obj\delay.o (__aeabi_uidiv)
c:/program files (x86)/gnu tools arm embedded/4.9 2015q2/bin/../lib/gcc/arm-none-eabi/4.9.3/armv6-m\libgcc.a(_dvmd_tls.o)
                              c:/program files (x86)/gnu tools arm embedded/4.9 2015q2/bin/../lib/gcc/arm-none-eabi/4.9.3/armv6-m\libgcc.a(_udivsi3.o) (__aeabi_idiv0)
c:/program files (x86)/gnu tools arm embedded/4.9 2015q2/bin/../lib/gcc/arm-none-eabi/4.9.3/../../../../arm-none-eabi/lib/armv6-m\libg.a(lib_a-printf.o)
                              ..\obj\USART_Init.o (printf)
c:/program files (x86)/gnu tools arm embedded/4.9 2015q2/bin/../lib/gcc/arm-none-eabi/4.9.3/../../../../arm-none-eabi/lib/armv6-m\libg.a(lib_a-vfprintf.o)
                              c:/program files (x86)/gnu tools arm embedded/4.9 2015q2/bin/../lib/gcc/arm-none-eabi/4.9.3/../../../../arm-none-eabi/lib/armv6-m\libg.a(lib_a-printf.o) (_vfprintf_r)
c:/program files (x86)/gnu tools arm embedded/4.9 2015q2/bin/../lib/gcc/arm-none-eabi/4.9.3/../../../../arm-none-eabi/lib/armv6-m\libg.a(lib_a-wsetup.o)
                              c:/program files (x86)/gnu tools arm embedded/4.9 2015q2/bin/../lib/gcc/arm-none-eabi/4.9.3/../../../../arm-none-eabi/lib/armv6-m\libg.a(lib_a-vfprintf.o) (__swsetup_r)
c:/program files (x86)/gnu tools arm embedded/4.9 2015q2/bin/../lib/gcc/arm-none-eabi/4.9.3/../../../../arm-none-eabi/lib/armv6-m\libg.a(lib_a-dtoa.o)
                              c:/program files (x86)/gnu tools arm embedded/4.9 2015q2/bin/../lib/gcc/arm-none-eabi/4.9.3/../../../../arm-none-eabi/lib/armv6-m\libg.a(lib_a-vfprintf.o) (_dtoa_r)
c:/program files (x86)/gnu tools arm embedded/4.9 2015q2/bin/../lib/gcc/arm-none-eabi/4.9.3/../../../../arm-none-eabi/lib/armv6-m\libg.a(lib_a-fflush.o)
                              c:/program files (x86)/gnu tools arm embedded/4.9 2015q2/bin/../lib/gcc/arm-none-eabi/4.9.3/../../../../arm-none-eabi/lib/armv6-m\libg.a(lib_a-vfprintf.o) (_fflush_r)
c:/program files (x86)/gnu tools arm embedded/4.9 2015q2/bin/../lib/gcc/arm-none-eabi/4.9.3/../../../../arm-none-eabi/lib/armv6-m\libg.a(lib_a-findfp.o)
                              c:/program files (x86)/gnu tools arm embedded/4.9 2015q2/bin/../lib/gcc/arm-none-eabi/4.9.3/../../../../arm-none-eabi/lib/armv6-m\libg.a(lib_a-vfprintf.o) (__sinit)
c:/program files (x86)/gnu tools arm embedded/4.9 2015q2/bin/../lib/gcc/arm-none-eabi/4.9.3/../../../../arm-none-eabi/lib/armv6-m\libg.a(lib_a-freer.o)
                              c:/program files (x86)/gnu tools arm embedded/4.9 2015q2/bin/../lib/gcc/arm-none-eabi/4.9.3/../../../../arm-none-eabi/lib/armv6-m\libg.a(lib_a-wsetup.o) (_free_r)
c:/program files (x86)/gnu tools arm embedded/4.9 2015q2/bin/../lib/gcc/arm-none-eabi/4.9.3/../../../../arm-none-eabi/lib/armv6-m\libg.a(lib_a-fwalk.o)
                              c:/program files (x86)/gnu tools arm embedded/4.9 2015q2/bin/../lib/gcc/arm-none-eabi/4.9.3/../../../../arm-none-eabi/lib/armv6-m\libg.a(lib_a-findfp.o) (_fwalk)
c:/program files (x86)/gnu tools arm embedded/4.9 2015q2/bin/../lib/gcc/arm-none-eabi/4.9.3/../../../../arm-none-eabi/lib/armv6-m\libg.a(lib_a-impure.o)
                              c:/program files (x86)/gnu tools arm embedded/4.9 2015q2/bin/../lib/gcc/arm-none-eabi/4.9.3/../../../../arm-none-eabi/lib/armv6-m\libg.a(lib_a-fflush.o) (_global_impure_ptr)
c:/program files (x86)/gnu tools arm embedded/4.9 2015q2/bin/../lib/gcc/arm-none-eabi/4.9.3/../../../../arm-none-eabi/lib/armv6-m\libg.a(lib_a-locale.o)
                              c:/program files (x86)/gnu tools arm embedded/4.9 2015q2/bin/../lib/gcc/arm-none-eabi/4.9.3/../../../../arm-none-eabi/lib/armv6-m\libg.a(lib_a-vfprintf.o) (_localeconv_r)
c:/program files (x86)/gnu tools arm embedded/4.9 2015q2/bin/../lib/gcc/arm-none-eabi/4.9.3/../../../../arm-none-eabi/lib/armv6-m\libg.a(lib_a-makebuf.o)
                              c:/program files (x86)/gnu tools arm embedded/4.9 2015q2/bin/../lib/gcc/arm-none-eabi/4.9.3/../../../../arm-none-eabi/lib/armv6-m\libg.a(lib_a-wsetup.o) (__smakebuf_r)
c:/program files (x86)/gnu tools arm embedded/4.9 2015q2/bin/../lib/gcc/arm-none-eabi/4.9.3/../../../../arm-none-eabi/lib/armv6-m\libg.a(lib_a-mallocr.o)
                              c:/program files (x86)/gnu tools arm embedded/4.9 2015q2/bin/../lib/gcc/arm-none-eabi/4.9.3/../../../../arm-none-eabi/lib/armv6-m\libg.a(lib_a-findfp.o) (_malloc_r)
c:/program files (x86)/gnu tools arm embedded/4.9 2015q2/bin/../lib/gcc/arm-none-eabi/4.9.3/../../../../arm-none-eabi/lib/armv6-m\libg.a(lib_a-memchr.o)
                              c:/program files (x86)/gnu tools arm embedded/4.9 2015q2/bin/../lib/gcc/arm-none-eabi/4.9.3/../../../../arm-none-eabi/lib/armv6-m\libg.a(lib_a-vfprintf.o) (memchr)
[...]
Memory Configuration

Name             Origin             Length             Attributes
rom              0x08000000         0x00020000         xr
ram              0x20000000         0x00004000         xrw
*default*        0x00000000         0xffffffff

Linker script and memory map

                0x20004000                _eram = 0x20004000

.text           0x08000000     0xa248
 *(.isr_vector)
 .isr_vector    0x08000000       0xc4 ..\obj\startup_stm32f0xx.o
                0x08000000                g_pfnVectors
 *(.text*)
 .text.NVIC_SetPriority
                0x080000c4       0xd4 ..\obj\delay.o
 .text.SysTick_Config
                0x08000198       0x4c ..\obj\delay.o
 .text.SysTick_Init
                0x080001e4       0x68 ..\obj\delay.o
                0x080001e4                SysTick_Init
 .text.TimeTick_Decrement
                0x0800024c       0x20 ..\obj\delay.o
                0x0800024c                TimeTick_Decrement
 .text.delay_1ms
                0x0800026c       0x30 ..\obj\delay.o
                0x0800026c                delay_1ms
 .text.delay_nms
                0x0800029c       0x20 ..\obj\delay.o
                0x0800029c                delay_nms
 .text.SysTick_Handler
                0x080002bc       0x80 ..\obj\delay.o
                0x080002bc                SysTick_Handler
 .text.RCC_LSEConfig
                0x0800033c       0x38 ..\obj\stm32f0xx_rcc.o
                0x0800033c                RCC_LSEConfig
 .text.RCC_GetClocksFreq
                0x08000374      0x264 ..\obj\stm32f0xx_rcc.o
                0x08000374                RCC_GetClocksFreq
 .text.RCC_RTCCLKConfig
                0x080005d8       0x20 ..\obj\stm32f0xx_rcc.o
                0x080005d8                RCC_RTCCLKConfig
 .text.RCC_RTCCLKCmd
                0x080005f8       0x40 ..\obj\stm32f0xx_rcc.o
                0x080005f8                RCC_RTCCLKCmd
 .text.RCC_AHBPeriphClockCmd
                0x08000638       0x3c ..\obj\stm32f0xx_rcc.o
                0x08000638                RCC_AHBPeriphClockCmd
 .text.RCC_APB2PeriphClockCmd
                0x08000674       0x3c ..\obj\stm32f0xx_rcc.o
                0x08000674                RCC_APB2PeriphClockCmd
 .text.RCC_APB1PeriphClockCmd
                0x080006b0       0x3c ..\obj\stm32f0xx_rcc.o
                0x080006b0                RCC_APB1PeriphClockCmd
 .text.RCC_GetFlagStatus
                0x080006ec       0x94 ..\obj\stm32f0xx_rcc.o
                0x080006ec                RCC_GetFlagStatus
 .text.RCC_ClearFlag
                0x08000780       0x1c ..\obj\stm32f0xx_rcc.o
                0x08000780                RCC_ClearFlag
 .text.BT_Init  0x0800079c       0xc0 ..\obj\USART_Init.o
                0x0800079c                BT_Init
 .text.USART_Scanf
                0x0800085c       0xd4 ..\obj\USART_Init.o
                0x0800085c                USART_Scanf
 .text.IWDG_WriteAccessCmd
                0x08000930       0x20 ..\obj\stm32f0xx_iwdg.o
                0x08000930                IWDG_WriteAccessCmd
 .text.IWDG_SetPrescaler
                0x08000950       0x20 ..\obj\stm32f0xx_iwdg.o
                0x08000950                IWDG_SetPrescaler
 .text.IWDG_SetReload
                0x08000970       0x20 ..\obj\stm32f0xx_iwdg.o
                0x08000970                IWDG_SetReload
 .text.IWDG_ReloadCounter
                0x08000990       0x18 ..\obj\stm32f0xx_iwdg.o
                0x08000990                IWDG_ReloadCounter
 .text.IWDG_Enable
                0x080009a8       0x18 ..\obj\stm32f0xx_iwdg.o
                0x080009a8                IWDG_Enable
 .text.main     0x080009c0      0x13c ..\obj\main.o
                0x080009c0                main
 .text.RTC_IRQHandler
                0x08000afc       0x34 ..\obj\main.o
                0x08000afc                RTC_IRQHandler
 .text.EXTI4_15_IRQHandler
                0x08000b30       0x2c ..\obj\main.o
                0x08000b30                EXTI4_15_IRQHandler
 .text.Reset_Handler
                0x08000b5c       0x44 ..\obj\startup_stm32f0xx.o
                0x08000b5c                Reset_Handler
 .text.Default_Handler
                0x08000ba0        0x2 ..\obj\startup_stm32f0xx.o
                0x08000ba0                PVD_VDDUSB_LP_IRQHandler
                0x08000ba0                TIM1_CC_IRQHandler
                0x08000ba0                HardFault_Handler
                0x08000ba0                ADC1_COMP_IRQHandler
                0x08000ba0                PendSV_Handler
                0x08000ba0                NMI_Handler
                0x08000ba0                I2C1_IRQHandler
                0x08000ba0                RCC_CRS_IRQHandler
                0x08000ba0                SPI1_IRQHandler
                0x08000ba0                TIM6_DAC_IRQHandler
                0x08000ba0                USART3_4_IRQHandler
                0x08000ba0                EXTI2_3_IRQHandler
                0x08000ba0                I2C2_IRQHandler
                0x08000ba0                TIM17_IRQHandler
                0x08000ba0                CEC_CAN_IRQHandler
                0x08000ba0                DMA1_Channel4_5_6_7_IRQHandler
                0x08000ba0                TIM16_IRQHandler
                0x08000ba0                TIM3_IRQHandler
                0x08000ba0                DMA1_Channel1_IRQHandler
                0x08000ba0                Default_Handler
                0x08000ba0                TIM14_IRQHandler
                0x08000ba0                TIM7_IRQHandler
                0x08000ba0                TIM15_IRQHandler
                0x08000ba0                EXTI0_1_IRQHandler
                0x08000ba0                SPI2_IRQHandler
                0x08000ba0                SVC_Handler
                0x08000ba0                USB_LP_IRQHandler
                0x08000ba0                TS_IRQHandler
                0x08000ba0                WWDG_IRQHandler
                0x08000ba0                TIM2_IRQHandler
                0x08000ba0                DMA1_Channel2_3_IRQHandler
                0x08000ba0                USART2_IRQHandler
                0x08000ba0                FLASH_IRQHandler
                0x08000ba0                USART1_IRQHandler
                0x08000ba0                TIM1_BRK_UP_TRG_COM_IRQHandler
 *fill*         0x08000ba2        0x2 
 .text.TIM1_Init
                0x08000ba4      0x168 ..\obj\GPIO.o
                0x08000ba4                TIM1_Init
 .text.Led_Init
                0x08000d0c       0x44 ..\obj\GPIO.o
                0x08000d0c                Led_Init
 .text.GPIOC_Init
                0x08000d50       0x50 ..\obj\GPIO.o
                0x08000d50                GPIOC_Init
 .text.Button_Init
                0x08000da0       0xac ..\obj\GPIO.o
                0x08000da0                Button_Init
 .text.Led_StartUp_Flash
                0x08000e4c       0x40 ..\obj\GPIO.o
                0x08000e4c                Led_StartUp_Flash
 .text.Flash_Led
                0x08000e8c       0x7c ..\obj\GPIO.o
                0x08000e8c                Flash_Led
 .text.Set_PWM  0x08000f08       0xd8 ..\obj\GPIO.o
                0x08000f08                Set_PWM
 .text.Clock_Init
                0x08000fe0      0x12c ..\obj\Alarm.o
                0x08000fe0                Clock_Init
 .text.RTC_Config
                0x0800110c       0x54 ..\obj\Alarm.o
 .text.RTC_TimeRegulate
                0x08001160      0x218 ..\obj\Alarm.o
                0x08001160                RTC_TimeRegulate
 .text.RTC_TimeShow
                0x08001378       0x38 ..\obj\Alarm.o
                0x08001378                RTC_TimeShow
 .text.RTC_AlarmShow
                0x080013b0       0x3c ..\obj\Alarm.o
                0x080013b0                RTC_AlarmShow
 .text.WakeUpSequence
                0x080013ec      0x1b8 ..\obj\Alarm.o
                0x080013ec                WakeUpSequence
 .text.GPIO_Init
                0x080015a4      0x124 ..\obj\stm32f0xx_gpio.o
                0x080015a4                GPIO_Init
 .text.GPIO_SetBits
                0x080016c8       0x1c ..\obj\stm32f0xx_gpio.o
                0x080016c8                GPIO_SetBits
 .text.GPIO_ResetBits
                0x080016e4       0x1c ..\obj\stm32f0xx_gpio.o
                0x080016e4                GPIO_ResetBits
 .text.GPIO_PinAFConfig
                0x08001700       0xa0 ..\obj\stm32f0xx_gpio.o
                0x08001700                GPIO_PinAFConfig
 .text.RTC_Init
                0x080017a0       0x84 ..\obj\stm32f0xx_rtc.o
                0x080017a0                RTC_Init
 .text.RTC_EnterInitMode
                0x08001824       0x80 ..\obj\stm32f0xx_rtc.o
                0x08001824                RTC_EnterInitMode
 .text.RTC_ExitInitMode
                0x080018a4       0x18 ..\obj\stm32f0xx_rtc.o
                0x080018a4                RTC_ExitInitMode
 .text.RTC_WaitForSynchro
                0x080018bc       0x98 ..\obj\stm32f0xx_rtc.o
                0x080018bc                RTC_WaitForSynchro
 .text.RTC_SetTime
                0x08001954      0x124 ..\obj\stm32f0xx_rtc.o
                0x08001954                RTC_SetTime
 .text.RTC_GetTime
                0x08001a78       0xa0 ..\obj\stm32f0xx_rtc.o
                0x08001a78                RTC_GetTime
 .text.RTC_SetAlarm
                0x08001b18      0x124 ..\obj\stm32f0xx_rtc.o
                0x08001b18                RTC_SetAlarm
 .text.RTC_GetAlarm
                0x08001c3c       0xd8 ..\obj\stm32f0xx_rtc.o
                0x08001c3c                RTC_GetAlarm
 .text.RTC_AlarmCmd
                0x08001d14       0xb0 ..\obj\stm32f0xx_rtc.o
                0x08001d14                RTC_AlarmCmd
 .text.RTC_WriteBackupRegister
                0x08001dc4       0x2c ..\obj\stm32f0xx_rtc.o
                0x08001dc4                RTC_WriteBackupRegister
 .text.RTC_ReadBackupRegister
                0x08001df0       0x2c ..\obj\stm32f0xx_rtc.o
                0x08001df0                RTC_ReadBackupRegister
 .text.RTC_ITConfig
                0x08001e1c       0x78 ..\obj\stm32f0xx_rtc.o
                0x08001e1c                RTC_ITConfig
 .text.RTC_ClearFlag
                0x08001e94       0x30 ..\obj\stm32f0xx_rtc.o
                0x08001e94                RTC_ClearFlag
 .text.RTC_GetITStatus
                0x08001ec4       0x7c ..\obj\stm32f0xx_rtc.o
                0x08001ec4                RTC_GetITStatus
 .text.RTC_ClearITPendingBit
                0x08001f40       0x38 ..\obj\stm32f0xx_rtc.o
                0x08001f40                RTC_ClearITPendingBit
 .text.RTC_ByteToBcd2
                0x08001f78       0x50 ..\obj\stm32f0xx_rtc.o
 .text.RTC_Bcd2ToByte
                0x08001fc8       0x48 ..\obj\stm32f0xx_rtc.o
 .text._sbrk    0x08002010       0x3c ..\obj\syscalls.o
                0x08002010                _sbrk
 .text._close   0x0800204c       0x14 ..\obj\syscalls.o
                0x0800204c                _close
 .text._fstat   0x08002060       0x1c ..\obj\syscalls.o
                0x08002060                _fstat
 .text._isatty  0x0800207c       0x14 ..\obj\syscalls.o
                0x0800207c                _isatty
 .text._lseek   0x08002090       0x18 ..\obj\syscalls.o
                0x08002090                _lseek
 .text._read    0x080020a8       0x18 ..\obj\syscalls.o
                0x080020a8                _read
 .text._write   0x080020c0       0x54 ..\obj\syscalls.o
                0x080020c0                _write
 .text.USART_Init
                0x08002114      0x174 ..\obj\stm32f0xx_usart.o
                0x08002114                USART_Init
 .text.USART_Cmd
                0x08002288       0x38 ..\obj\stm32f0xx_usart.o
                0x08002288                USART_Cmd
 .text.USART_SendData
                0x080022c0       0x24 ..\obj\stm32f0xx_usart.o
                0x080022c0                USART_SendData
 .text.USART_ReceiveData
                0x080022e4       0x1c ..\obj\stm32f0xx_usart.o
                0x080022e4                USART_ReceiveData
 .text.USART_GetFlagStatus
                0x08002300       0x3c ..\obj\stm32f0xx_usart.o
                0x08002300                USART_GetFlagStatus
 .text.TIM_TimeBaseInit
                0x0800233c       0xf0 ..\obj\stm32f0xx_tim.o
                0x0800233c                TIM_TimeBaseInit
 .text.TIM_Cmd  0x0800242c       0x40 ..\obj\stm32f0xx_tim.o
                0x0800242c                TIM_Cmd
 .text.TIM_CtrlPWMOutputs
                0x0800246c       0x4c ..\obj\stm32f0xx_tim.o
                0x0800246c                TIM_CtrlPWMOutputs
 .text.TIM_OC1Init
                0x080024b8      0x1a4 ..\obj\stm32f0xx_tim.o
                0x080024b8                TIM_OC1Init
 .text.TIM_OC2Init
                0x0800265c      0x1a4 ..\obj\stm32f0xx_tim.o
                0x0800265c                TIM_OC2Init
 .text.TIM_OC3Init
                0x08002800      0x1a8 ..\obj\stm32f0xx_tim.o
                0x08002800                TIM_OC3Init
 .text.TIM_OC1PreloadConfig
                0x080029a8       0x54 ..\obj\stm32f0xx_tim.o
                0x080029a8                TIM_OC1PreloadConfig
 .text.TIM_OC2PreloadConfig
                0x080029fc       0x5c ..\obj\stm32f0xx_tim.o
                0x080029fc                TIM_OC2PreloadConfig
 .text.TIM_OC3PreloadConfig
                0x08002a58       0x54 ..\obj\stm32f0xx_tim.o
                0x08002a58                TIM_OC3PreloadConfig
 .text.SystemInit
                0x08002aac       0x8c ..\obj\system_stm32f0xx.o
                0x08002aac                SystemInit
 .text.SetSysClock
                0x08002b38       0xe0 ..\obj\system_stm32f0xx.o
 .text.EXTI_Init
                0x08002c18       0xe0 ..\obj\stm32f0xx_exti.o
                0x08002c18                EXTI_Init
 .text.EXTI_GetITStatus
                0x08002cf8       0x40 ..\obj\stm32f0xx_exti.o
                0x08002cf8                EXTI_GetITStatus
 .text.EXTI_ClearITPendingBit
                0x08002d38       0x18 ..\obj\stm32f0xx_exti.o
                0x08002d38                EXTI_ClearITPendingBit
 .text.SYSCFG_EXTILineConfig
                0x08002d50       0x90 ..\obj\stm32f0xx_syscfg.o
                0x08002d50                SYSCFG_EXTILineConfig
 .text.PWR_BackupAccessCmd
                0x08002de0       0x40 ..\obj\stm32f0xx_pwr.o
                0x08002de0                PWR_BackupAccessCmd
 .text.NVIC_Init
                0x08002e20       0xa8 ..\obj\stm32f0xx_misc.o
                0x08002e20                NVIC_Init
 .text          0x08002ec8      0x120 c:/program files (x86)/gnu tools arm embedded/4.9 2015q2/bin/../lib/gcc/arm-none-eabi/4.9.3/armv6-m\libgcc.a(_udivsi3.o)
                0x08002ec8                __aeabi_uidiv
                0x08002ec8                __udivsi3
                0x08002fd4                __aeabi_uidivmod
 .text          0x08002fe8        0x4 c:/program files (x86)/gnu tools arm embedded/4.9 2015q2/bin/../lib/gcc/arm-none-eabi/4.9.3/armv6-m\libgcc.a(_dvmd_tls.o)
                0x08002fe8                __aeabi_idiv0
                0x08002fe8                __aeabi_ldiv0
 .text.printf   0x08002fec       0x24 c:/program files (x86)/gnu tools arm embedded/4.9 2015q2/bin/../lib/gcc/arm-none-eabi/4.9.3/../../../../arm-none-eabi/lib/armv6-m\libg.a(lib_a-printf.o)
                0x08002fec                printf
 .text._vfprintf_r
                0x08003010     0x14bc c:/program files (x86)/gnu tools arm embedded/4.9 2015q2/bin/../lib/gcc/arm-none-eabi/4.9.3/../../../../arm-none-eabi/lib/armv6-m\libg.a(lib_a-vfprintf.o)
                0x08003010                _vfprintf_r
 .text.__sbprintf
                0x080044cc       0x74 c:/program files (x86)/gnu tools arm embedded/4.9 2015q2/bin/../lib/gcc/arm-none-eabi/4.9.3/../../../../arm-none-eabi/lib/armv6-m\libg.a(lib_a-vfprintf.o)
 .text.__swsetup_r
                0x08004540       0xd0 c:/program files (x86)/gnu tools arm embedded/4.9 2015q2/bin/../lib/gcc/arm-none-eabi/4.9.3/../../../../arm-none-eabi/lib/armv6-m\libg.a(lib_a-wsetup.o)
                0x08004540                __swsetup_r
 .text.quorem   0x08004610      0x158 c:/program files (x86)/gnu tools arm embedded/4.9 2015q2/bin/../lib/gcc/arm-none-eabi/4.9.3/../../../../arm-none-eabi/lib/armv6-m\libg.a(lib_a-dtoa.o)
 .text._dtoa_r  0x08004768      0xfb4 c:/program files (x86)/gnu tools arm embedded/4.9 2015q2/bin/../lib/gcc/arm-none-eabi/4.9.3/../../../../arm-none-eabi/lib/armv6-m\libg.a(lib_a-dtoa.o)
                0x08004768                _dtoa_r
 .text.__sflush_r
                0x0800571c      0x158 c:/program files (x86)/gnu tools arm embedded/4.9 2015q2/bin/../lib/gcc/arm-none-eabi/4.9.3/../../../../arm-none-eabi/lib/armv6-m\libg.a(lib_a-fflush.o)
                0x0800571c                __sflush_r
 .text._fflush_r
                0x08005874       0x2c c:/program files (x86)/gnu tools arm embedded/4.9 2015q2/bin/../lib/gcc/arm-none-eabi/4.9.3/../../../../arm-none-eabi/lib/armv6-m\libg.a(lib_a-fflush.o)
                0x08005874                _fflush_r
 .text._cleanup_r
                0x080058a0       0x10 c:/program files (x86)/gnu tools arm embedded/4.9 2015q2/bin/../lib/gcc/arm-none-eabi/4.9.3/../../../../arm-none-eabi/lib/armv6-m\libg.a(lib_a-findfp.o)
                0x080058a0                _cleanup_r
 .text.__sinit.part.1
                0x080058b0       0xf0 c:/program files (x86)/gnu tools arm embedded/4.9 2015q2/bin/../lib/gcc/arm-none-eabi/4.9.3/../../../../arm-none-eabi/lib/armv6-m\libg.a(lib_a-findfp.o)
 .text.__sinit  0x080059a0       0x10 c:/program files (x86)/gnu tools arm embedded/4.9 2015q2/bin/../lib/gcc/arm-none-eabi/4.9.3/../../../../arm-none-eabi/lib/armv6-m\libg.a(lib_a-findfp.o)
                0x080059a0                __sinit
 .text.__sfp_lock_acquire
                0x080059b0        0x4 c:/program files (x86)/gnu tools arm embedded/4.9 2015q2/bin/../lib/gcc/arm-none-eabi/4.9.3/../../../../arm-none-eabi/lib/armv6-m\libg.a(lib_a-findfp.o)
                0x080059b0                __sfp_lock_acquire
 .text.__sfp_lock_release
                0x080059b4        0x4 c:/program files (x86)/gnu tools arm embedded/4.9 2015q2/bin/../lib/gcc/arm-none-eabi/4.9.3/../../../../arm-none-eabi/lib/armv6-m\libg.a(lib_a-findfp.o)
                0x080059b4                __sfp_lock_release
 .text._malloc_trim_r
                0x080059b8       0xa0 c:/program files (x86)/gnu tools arm embedded/4.9 2015q2/bin/../lib/gcc/arm-none-eabi/4.9.3/../../../../arm-none-eabi/lib/armv6-m\libg.a(lib_a-freer.o)
                0x080059b8                _malloc_trim_r
 .text._free_r  0x08005a58      0x1b0 c:/program files (x86)/gnu tools arm embedded/4.9 2015q2/bin/../lib/gcc/arm-none-eabi/4.9.3/../../../../arm-none-eabi/lib/armv6-m\libg.a(lib_a-freer.o)
                0x08005a58                _free_r
 .text._fwalk_reent
                0x08005c08       0x50 c:/program files (x86)/gnu tools arm embedded/4.9 2015q2/bin/../lib/gcc/arm-none-eabi/4.9.3/../../../../arm-none-eabi/lib/armv6-m\libg.a(lib_a-fwalk.o)
                0x08005c08                _fwalk_reent
 .text.__locale_charset
                0x08005c58        0x8 c:/program files (x86)/gnu tools arm embedded/4.9 2015q2/bin/../lib/gcc/arm-none-eabi/4.9.3/../../../../arm-none-eabi/lib/armv6-m\libg.a(lib_a-locale.o)
                0x08005c58                __locale_charset
 .text.__locale_mb_cur_max
                0x08005c60        0xc c:/program files (x86)/gnu tools arm embedded/4.9 2015q2/bin/../lib/gcc/arm-none-eabi/4.9.3/../../../../arm-none-eabi/lib/armv6-m\libg.a(lib_a-locale.o)
                0x08005c60                __locale_mb_cur_max
 .text._localeconv_r
                0x08005c6c        0x8 c:/program files (x86)/gnu tools arm embedded/4.9 2015q2/bin/../lib/gcc/arm-none-eabi/4.9.3/../../../../arm-none-eabi/lib/armv6-m\libg.a(lib_a-locale.o)
                0x08005c6c                _localeconv_r
 .text.__smakebuf_r
                0x08005c74       0xfc c:/program files (x86)/gnu tools arm embedded/4.9 2015q2/bin/../lib/gcc/arm-none-eabi/4.9.3/../../../../arm-none-eabi/lib/armv6-m\libg.a(lib_a-makebuf.o)
                0x08005c74                __smakebuf_r
 .text._malloc_r
                0x08005d70      0x53c c:/program files (x86)/gnu tools arm embedded/4.9 2015q2/bin/../lib/gcc/arm-none-eabi/4.9.3/../../../../arm-none-eabi/lib/armv6-m\libg.a(lib_a-mallocr.o)
                0x08005d70                _malloc_r
 .text.memchr   0x080062ac       0x84 c:/program files (x86)/gnu tools arm embedded/4.9 2015q2/bin/../lib/gcc/arm-none-eabi/4.9.3/../../../../arm-none-eabi/lib/armv6-m\libg.a(lib_a-memchr.o)
                0x080062ac                memchr
 .text.memcpy   0x08006330       0x7c c:/program files (x86)/gnu tools arm embedded/4.9 2015q2/bin/../lib/gcc/arm-none-eabi/4.9.3/../../../../arm-none-eabi/lib/armv6-m\libg.a(lib_a-memcpy.o)
                0x08006330                memcpy
 .text.memset   0x080063ac       0x8c c:/program files (x86)/gnu tools arm embedded/4.9 2015q2/bin/../lib/gcc/arm-none-eabi/4.9.3/../../../../arm-none-eabi/lib/armv6-m\libg.a(lib_a-memset.o)
                0x080063ac                memset
 .text.__malloc_lock
                0x08006438        0x4 c:/program files (x86)/gnu tools arm embedded/4.9 2015q2/bin/../lib/gcc/arm-none-eabi/4.9.3/../../../../arm-none-eabi/lib/armv6-m\libg.a(lib_a-mlock.o)
                0x08006438                __malloc_lock
 .text.__malloc_unlock
                0x0800643c        0x4 c:/program files (x86)/gnu tools arm embedded/4.9 2015q2/bin/../lib/gcc/arm-none-eabi/4.9.3/../../../../arm-none-eabi/lib/armv6-m\libg.a(lib_a-mlock.o)
                0x0800643c                __malloc_unlock
 .text._Balloc  0x08006440       0x50 c:/program files (x86)/gnu tools arm embedded/4.9 2015q2/bin/../lib/gcc/arm-none-eabi/4.9.3/../../../../arm-none-eabi/lib/armv6-m\libg.a(lib_a-mprec.o)
                0x08006440                _Balloc
 .text._Bfree   0x08006490       0x14 c:/program files (x86)/gnu tools arm embedded/4.9 2015q2/bin/../lib/gcc/arm-none-eabi/4.9.3/../../../../arm-none-eabi/lib/armv6-m\libg.a(lib_a-mprec.o)
                0x08006490                _Bfree
 .text.__multadd
                0x080064a4       0x8c c:/program files (x86)/gnu tools arm embedded/4.9 2015q2/bin/../lib/gcc/arm-none-eabi/4.9.3/../../../../arm-none-eabi/lib/armv6-m\libg.a(lib_a-mprec.o)
                0x080064a4                __multadd
 .text.__hi0bits
                0x08006530       0x3c c:/program files (x86)/gnu tools arm embedded/4.9 2015q2/bin/../lib/gcc/arm-none-eabi/4.9.3/../../../../arm-none-eabi/lib/armv6-m\libg.a(lib_a-mprec.o)
                0x08006530                __hi0bits
 .text.__lo0bits
                0x0800656c       0x5c c:/program files (x86)/gnu tools arm embedded/4.9 2015q2/bin/../lib/gcc/arm-none-eabi/4.9.3/../../../../arm-none-eabi/lib/armv6-m\libg.a(lib_a-mprec.o)
                0x0800656c                __lo0bits
 .text.__i2b    0x080065c8       0x14 c:/program files (x86)/gnu tools arm embedded/4.9 2015q2/bin/../lib/gcc/arm-none-eabi/4.9.3/../../../../arm-none-eabi/lib/armv6-m\libg.a(lib_a-mprec.o)
                0x080065c8                __i2b
 .text.__multiply
                0x080065dc      0x15c c:/program files (x86)/gnu tools arm embedded/4.9 2015q2/bin/../lib/gcc/arm-none-eabi/4.9.3/../../../../arm-none-eabi/lib/armv6-m\libg.a(lib_a-mprec.o)
                0x080065dc                __multiply
 .text.__pow5mult
                0x08006738       0xbc c:/program files (x86)/gnu tools arm embedded/4.9 2015q2/bin/../lib/gcc/arm-none-eabi/4.9.3/../../../../arm-none-eabi/lib/armv6-m\libg.a(lib_a-mprec.o)
                0x08006738                __pow5mult
 .text.__lshift
                0x080067f4       0xcc c:/program files (x86)/gnu tools arm embedded/4.9 2015q2/bin/../lib/gcc/arm-none-eabi/4.9.3/../../../../arm-none-eabi/lib/armv6-m\libg.a(lib_a-mprec.o)
                0x080067f4                __lshift
 .text.__mcmp   0x080068c0       0x38 c:/program files (x86)/gnu tools arm embedded/4.9 2015q2/bin/../lib/gcc/arm-none-eabi/4.9.3/../../../../arm-none-eabi/lib/armv6-m\libg.a(lib_a-mprec.o)
                0x080068c0                __mcmp
 .text.__mdiff  0x080068f8       0xec c:/program files (x86)/gnu tools arm embedded/4.9 2015q2/bin/../lib/gcc/arm-none-eabi/4.9.3/../../../../arm-none-eabi/lib/armv6-m\libg.a(lib_a-mprec.o)
                0x080068f8                __mdiff
 .text.__d2b    0x080069e4       0xbc c:/program files (x86)/gnu tools arm embedded/4.9 2015q2/bin/../lib/gcc/arm-none-eabi/4.9.3/../../../../arm-none-eabi/lib/armv6-m\libg.a(lib_a-mprec.o)
                0x080069e4                __d2b
 .text.__fpclassifyd
                0x08006aa0       0x5c c:/program files (x86)/gnu tools arm embedded/4.9 2015q2/bin/../lib/gcc/arm-none-eabi/4.9.3/../../../../arm-none-eabi/lib/armv6-m\libg.a(lib_a-s_fpclassify.o)
                0x08006aa0                __fpclassifyd
 .text._sbrk_r  0x08006afc       0x24 c:/program files (x86)/gnu tools arm embedded/4.9 2015q2/bin/../lib/gcc/arm-none-eabi/4.9.3/../../../../arm-none-eabi/lib/armv6-m\libg.a(lib_a-sbrkr.o)
                0x08006afc                _sbrk_r
 .text.__sread  0x08006b20       0x28 c:/program files (x86)/gnu tools arm embedded/4.9 2015q2/bin/../lib/gcc/arm-none-eabi/4.9.3/../../../../arm-none-eabi/lib/armv6-m\libg.a(lib_a-stdio.o)
                0x08006b20                __sread
 .text.__swrite
                0x08006b48       0x38 c:/program files (x86)/gnu tools arm embedded/4.9 2015q2/bin/../lib/gcc/arm-none-eabi/4.9.3/../../../../arm-none-eabi/lib/armv6-m\libg.a(lib_a-stdio.o)
                0x08006b48                __swrite
 .text.__sseek  0x08006b80       0x2c c:/program files (x86)/gnu tools arm embedded/4.9 2015q2/bin/../lib/gcc/arm-none-eabi/4.9.3/../../../../arm-none-eabi/lib/armv6-m\libg.a(lib_a-stdio.o)
                0x08006b80                __sseek
 .text.__sclose
                0x08006bac        0xc c:/program files (x86)/gnu tools arm embedded/4.9 2015q2/bin/../lib/gcc/arm-none-eabi/4.9.3/../../../../arm-none-eabi/lib/armv6-m\libg.a(lib_a-stdio.o)
                0x08006bac                __sclose
 .text.strlen   0x08006bb8       0x68 c:/program files (x86)/gnu tools arm embedded/4.9 2015q2/bin/../lib/gcc/arm-none-eabi/4.9.3/../../../../arm-none-eabi/lib/armv6-m\libg.a(lib_a-strlen.o)
                0x08006bb8                strlen
 .text.__sprint_r.part.0
                0x08006c20       0x7c c:/program files (x86)/gnu tools arm embedded/4.9 2015q2/bin/../lib/gcc/arm-none-eabi/4.9.3/../../../../arm-none-eabi/lib/armv6-m\libg.a(lib_a-vfiprintf.o)
 .text.__sprint_r
                0x08006c9c       0x14 c:/program files (x86)/gnu tools arm embedded/4.9 2015q2/bin/../lib/gcc/arm-none-eabi/4.9.3/../../../../arm-none-eabi/lib/armv6-m\libg.a(lib_a-vfiprintf.o)
                0x08006c9c                __sprint_r
 .text._write_r
                0x08006cb0       0x28 c:/program files (x86)/gnu tools arm embedded/4.9 2015q2/bin/../lib/gcc/arm-none-eabi/4.9.3/../../../../arm-none-eabi/lib/armv6-m\libg.a(lib_a-writer.o)
                0x08006cb0                _write_r
 .text._calloc_r
                0x08006cd8       0x60 c:/program files (x86)/gnu tools arm embedded/4.9 2015q2/bin/../lib/gcc/arm-none-eabi/4.9.3/../../../../arm-none-eabi/lib/armv6-m\libg.a(lib_a-callocr.o)
                0x08006cd8                _calloc_r
 .text._close_r
                0x08006d38       0x24 c:/program files (x86)/gnu tools arm embedded/4.9 2015q2/bin/../lib/gcc/arm-none-eabi/4.9.3/../../../../arm-none-eabi/lib/armv6-m\libg.a(lib_a-closer.o)
                0x08006d38                _close_r
 .text._fclose_r
                0x08006d5c       0x8c c:/program files (x86)/gnu tools arm embedded/4.9 2015q2/bin/../lib/gcc/arm-none-eabi/4.9.3/../../../../arm-none-eabi/lib/armv6-m\libg.a(lib_a-fclose.o)
                0x08006d5c                _fclose_r
 .text.__fputwc
                0x08006de8       0xb4 c:/program files (x86)/gnu tools arm embedded/4.9 2015q2/bin/../lib/gcc/arm-none-eabi/4.9.3/../../../../arm-none-eabi/lib/armv6-m\libg.a(lib_a-fputwc.o)
                0x08006de8                __fputwc
 .text._fputwc_r
                0x08006e9c       0x1c c:/program files (x86)/gnu tools arm embedded/4.9 2015q2/bin/../lib/gcc/arm-none-eabi/4.9.3/../../../../arm-none-eabi/lib/armv6-m\libg.a(lib_a-fputwc.o)
                0x08006e9c                _fputwc_r
 .text._fstat_r
                0x08006eb8       0x28 c:/program files (x86)/gnu tools arm embedded/4.9 2015q2/bin/../lib/gcc/arm-none-eabi/4.9.3/../../../../arm-none-eabi/lib/armv6-m\libg.a(lib_a-fstatr.o)
                0x08006eb8                _fstat_r
 .text.__sfvwrite_r
                0x08006ee0      0x318 c:/program files (x86)/gnu tools arm embedded/4.9 2015q2/bin/../lib/gcc/arm-none-eabi/4.9.3/../../../../arm-none-eabi/lib/armv6-m\libg.a(lib_a-fvwrite.o)
                0x08006ee0                __sfvwrite_r
 .text._isatty_r
                0x080071f8       0x24 c:/program files (x86)/gnu tools arm embedded/4.9 2015q2/bin/../lib/gcc/arm-none-eabi/4.9.3/../../../../arm-none-eabi/lib/armv6-m\libg.a(lib_a-isattyr.o)
                0x080071f8                _isatty_r
 .text._lseek_r
                0x0800721c       0x28 c:/program files (x86)/gnu tools arm embedded/4.9 2015q2/bin/../lib/gcc/arm-none-eabi/4.9.3/../../../../arm-none-eabi/lib/armv6-m\libg.a(lib_a-lseekr.o)
                0x0800721c                _lseek_r
 .text.memmove  0x08007244       0x98 c:/program files (x86)/gnu tools arm embedded/4.9 2015q2/bin/../lib/gcc/arm-none-eabi/4.9.3/../../../../arm-none-eabi/lib/armv6-m\libg.a(lib_a-memmove.o)
                0x08007244                memmove
 .text._read_r  0x080072dc       0x28 c:/program files (x86)/gnu tools arm embedded/4.9 2015q2/bin/../lib/gcc/arm-none-eabi/4.9.3/../../../../arm-none-eabi/lib/armv6-m\libg.a(lib_a-readr.o)
                0x080072dc                _read_r
 .text._realloc_r
                0x08007304      0x3d0 c:/program files (x86)/gnu tools arm embedded/4.9 2015q2/bin/../lib/gcc/arm-none-eabi/4.9.3/../../../../arm-none-eabi/lib/armv6-m\libg.a(lib_a-reallocr.o)
                0x08007304                _realloc_r
 .text.__swbuf_r
                0x080076d4       0xb8 c:/program files (x86)/gnu tools arm embedded/4.9 2015q2/bin/../lib/gcc/arm-none-eabi/4.9.3/../../../../arm-none-eabi/lib/armv6-m\libg.a(lib_a-wbuf.o)
                0x080076d4                __swbuf_r
 .text._wcrtomb_r
                0x0800778c       0x58 c:/program files (x86)/gnu tools arm embedded/4.9 2015q2/bin/../lib/gcc/arm-none-eabi/4.9.3/../../../../arm-none-eabi/lib/armv6-m\libg.a(lib_a-wcrtomb.o)
                0x0800778c                _wcrtomb_r
 .text.__ascii_wctomb
                0x080077e4       0x1c c:/program files (x86)/gnu tools arm embedded/4.9 2015q2/bin/../lib/gcc/arm-none-eabi/4.9.3/../../../../arm-none-eabi/lib/armv6-m\libg.a(lib_a-wctomb_r.o)
                0x080077e4                __ascii_wctomb
 .text          0x08007800      0x1e0 c:/program files (x86)/gnu tools arm embedded/4.9 2015q2/bin/../lib/gcc/arm-none-eabi/4.9.3/armv6-m\libgcc.a(_divsi3.o)
                0x08007800                __divsi3
                0x08007800                __aeabi_idiv
                0x080079cc                __aeabi_idivmod
 .text          0x080079e0       0x7c c:/program files (x86)/gnu tools arm embedded/4.9 2015q2/bin/../lib/gcc/arm-none-eabi/4.9.3/armv6-m\libgcc.a(_arm_cmpdf2.o)
                0x080079e0                __aeabi_cdrcmple
                0x080079f0                __aeabi_cdcmple
                0x080079f0                __aeabi_cdcmpeq
                0x08007a00                __aeabi_dcmpeq
                0x08007a0c                __aeabi_dcmplt
                0x08007a20                __aeabi_dcmple
                0x08007a34                __aeabi_dcmpgt
                0x08007a48                __aeabi_dcmpge
 .text          0x08007a5c       0x40 c:/program files (x86)/gnu tools arm embedded/4.9 2015q2/bin/../lib/gcc/arm-none-eabi/4.9.3/armv6-m\libgcc.a(_aeabi_uldivmod.o)
                0x08007a5c                __aeabi_uldivmod
 .text          0x08007a9c       0x6c c:/program files (x86)/gnu tools arm embedded/4.9 2015q2/bin/../lib/gcc/arm-none-eabi/4.9.3/armv6-m\libgcc.a(bpabi.o)
                0x08007a9c                __gnu_ldivmod_helper
                0x08007ad4                __gnu_uldivmod_helper
 .text          0x08007b08      0x650 c:/program files (x86)/gnu tools arm embedded/4.9 2015q2/bin/../lib/gcc/arm-none-eabi/4.9.3/armv6-m\libgcc.a(adddf3.o)
                0x08007b08                __aeabi_dadd
 .text          0x08008158      0x648 c:/program files (x86)/gnu tools arm embedded/4.9 2015q2/bin/../lib/gcc/arm-none-eabi/4.9.3/armv6-m\libgcc.a(divdf3.o)
                0x08008158                __aeabi_ddiv
 .text          0x080087a0       0x88 c:/program files (x86)/gnu tools arm embedded/4.9 2015q2/bin/../lib/gcc/arm-none-eabi/4.9.3/armv6-m\libgcc.a(eqdf2.o)
                0x080087a0                __nedf2
                0x080087a0                __eqdf2
 .text          0x08008828       0xe0 c:/program files (x86)/gnu tools arm embedded/4.9 2015q2/bin/../lib/gcc/arm-none-eabi/4.9.3/armv6-m\libgcc.a(gedf2.o)
                0x08008828                __gedf2
                0x08008828                __gtdf2
 .text          0x08008908       0xcc c:/program files (x86)/gnu tools arm embedded/4.9 2015q2/bin/../lib/gcc/arm-none-eabi/4.9.3/armv6-m\libgcc.a(ledf2.o)
                0x08008908                __ledf2
                0x08008908                __ltdf2
 .text          0x080089d4      0x534 c:/program files (x86)/gnu tools arm embedded/4.9 2015q2/bin/../lib/gcc/arm-none-eabi/4.9.3/armv6-m\libgcc.a(muldf3.o)
                0x080089d4                __aeabi_dmul
 .text          0x08008f08      0x6f4 c:/program files (x86)/gnu tools arm embedded/4.9 2015q2/bin/../lib/gcc/arm-none-eabi/4.9.3/armv6-m\libgcc.a(subdf3.o)
                0x08008f08                __aeabi_dsub
 .text          0x080095fc       0x6c c:/program files (x86)/gnu tools arm embedded/4.9 2015q2/bin/../lib/gcc/arm-none-eabi/4.9.3/armv6-m\libgcc.a(fixdfsi.o)
                0x080095fc                __aeabi_d2iz
 .text          0x08009668       0x78 c:/program files (x86)/gnu tools arm embedded/4.9 2015q2/bin/../lib/gcc/arm-none-eabi/4.9.3/armv6-m\libgcc.a(floatsidf.o)
                0x08009668                __aeabi_i2d
 .text          0x080096e0       0x64 c:/program files (x86)/gnu tools arm embedded/4.9 2015q2/bin/../lib/gcc/arm-none-eabi/4.9.3/armv6-m\libgcc.a(floatunsidf.o)
                0x080096e0                __aeabi_ui2d
 .text          0x08009744       0x3c c:/program files (x86)/gnu tools arm embedded/4.9 2015q2/bin/../lib/gcc/arm-none-eabi/4.9.3/armv6-m\libgcc.a(_clzsi2.o)
                0x08009744                __clzsi2
 .text          0x08009780       0x54 c:/program files (x86)/gnu tools arm embedded/4.9 2015q2/bin/../lib/gcc/arm-none-eabi/4.9.3/armv6-m\libgcc.a(_muldi3.o)
                0x08009780                __muldi3
                0x08009780                __aeabi_lmul
 .text          0x080097d4      0x1f0 c:/program files (x86)/gnu tools arm embedded/4.9 2015q2/bin/../lib/gcc/arm-none-eabi/4.9.3/armv6-m\libgcc.a(_divdi3.o)
                0x080097d4                __divdi3
 .text          0x080099c4      0x158 c:/program files (x86)/gnu tools arm embedded/4.9 2015q2/bin/../lib/gcc/arm-none-eabi/4.9.3/armv6-m\libgcc.a(_udivdi3.o)
                0x080099c4                __udivdi3
 .text          0x08009b1c       0x18 c:/program files (x86)/gnu tools arm embedded/4.9 2015q2/bin/../lib/gcc/arm-none-eabi/4.9.3/armv6-m\libgcc.a(_clzdi2.o)
                0x08009b1c                __clzdi2
 *(.init)
 *(.fini)
 *crtbegin.o(.ctors)
 *crtbegin?.o(.ctors)
 *(EXCLUDE_FILE(*crtend.o *crtend?.o) .ctors)
 *(SORT(.ctors.*))
 *(.ctors)
 *crtbegin.o(.dtors)
 *crtbegin?.o(.dtors)
 *(EXCLUDE_FILE(*crtend.o *crtend?.o) .dtors)
 *(SORT(.dtors.*))
 *(.dtors)
 *(.rodata*)
 .rodata        0x08009b34       0x61 ..\obj\USART_Init.o
 *fill*         0x08009b95        0x3 
 .rodata        0x08009b98       0x2e ..\obj\main.o
 *fill*         0x08009bc6        0x2 
 .rodata        0x08009bc8      0x311 ..\obj\Alarm.o
 *fill*         0x08009ed9        0x3 
 .rodata._vfprintf_r
                0x08009edc      0x164 c:/program files (x86)/gnu tools arm embedded/4.9 2015q2/bin/../lib/gcc/arm-none-eabi/4.9.3/../../../../arm-none-eabi/lib/armv6-m\libg.a(lib_a-vfprintf.o)
 .rodata.zeroes.6926
                0x0800a040       0x10 c:/program files (x86)/gnu tools arm embedded/4.9 2015q2/bin/../lib/gcc/arm-none-eabi/4.9.3/../../../../arm-none-eabi/lib/armv6-m\libg.a(lib_a-vfprintf.o)
 .rodata.str1.4
                0x0800a050       0x42 c:/program files (x86)/gnu tools arm embedded/4.9 2015q2/bin/../lib/gcc/arm-none-eabi/4.9.3/../../../../arm-none-eabi/lib/armv6-m\libg.a(lib_a-vfprintf.o)
 *fill*         0x0800a092        0x2 
 .rodata.blanks.6925
                0x0800a094       0x10 c:/program files (x86)/gnu tools arm embedded/4.9 2015q2/bin/../lib/gcc/arm-none-eabi/4.9.3/../../../../arm-none-eabi/lib/armv6-m\libg.a(lib_a-vfprintf.o)
 .rodata.str1.4
                0x0800a0a4       0x10 c:/program files (x86)/gnu tools arm embedded/4.9 2015q2/bin/../lib/gcc/arm-none-eabi/4.9.3/../../../../arm-none-eabi/lib/armv6-m\libg.a(lib_a-dtoa.o)
                                 0x12 (size before relaxing)
 .rodata.str1.4
                0x0800a0b4        0x2 c:/program files (x86)/gnu tools arm embedded/4.9 2015q2/bin/../lib/gcc/arm-none-eabi/4.9.3/../../../../arm-none-eabi/lib/armv6-m\libg.a(lib_a-impure.o)
 *fill*         0x0800a0b6        0x2 
 .rodata.str1.4
                0x0800a0b8        0xc c:/program files (x86)/gnu tools arm embedded/4.9 2015q2/bin/../lib/gcc/arm-none-eabi/4.9.3/../../../../arm-none-eabi/lib/armv6-m\libg.a(lib_a-locale.o)
                                 0x12 (size before relaxing)
 *fill*         0x0800a0c4        0x4 
 .rodata.__mprec_tens
                0x0800a0c8       0xc8 c:/program files (x86)/gnu tools arm embedded/4.9 2015q2/bin/../lib/gcc/arm-none-eabi/4.9.3/../../../../arm-none-eabi/lib/armv6-m\libg.a(lib_a-mprec.o)
                0x0800a0c8                __mprec_tens
 .rodata.p05.5302
                0x0800a190        0xc c:/program files (x86)/gnu tools arm embedded/4.9 2015q2/bin/../lib/gcc/arm-none-eabi/4.9.3/../../../../arm-none-eabi/lib/armv6-m\libg.a(lib_a-mprec.o)
 *fill*         0x0800a19c        0x4 
 .rodata.__mprec_bigtens
                0x0800a1a0       0x28 c:/program files (x86)/gnu tools arm embedded/4.9 2015q2/bin/../lib/gcc/arm-none-eabi/4.9.3/../../../../arm-none-eabi/lib/armv6-m\libg.a(lib_a-mprec.o)
                0x0800a1a0                __mprec_bigtens
 .rodata        0x0800a1c8       0x40 c:/program files (x86)/gnu tools arm embedded/4.9 2015q2/bin/../lib/gcc/arm-none-eabi/4.9.3/armv6-m\libgcc.a(divdf3.o)
 .rodata        0x0800a208       0x40 c:/program files (x86)/gnu tools arm embedded/4.9 2015q2/bin/../lib/gcc/arm-none-eabi/4.9.3/armv6-m\libgcc.a(muldf3.o)
 *(.eh_fram e*)

.glue_7         0x0800a248        0x0
 .glue_7        0x00000000        0x0 linker stubs

.glue_7t        0x0800a248        0x0
 .glue_7t       0x00000000        0x0 linker stubs

.vfp11_veneer   0x0800a248        0x0
 .vfp11_veneer  0x00000000        0x0 linker stubs

.v4_bx          0x0800a248        0x0
 .v4_bx         0x00000000        0x0 linker stubs

.iplt           0x0800a248        0x0
 .iplt          0x00000000        0x0 ..\obj\delay.o

.ARM.extab
 *(.ARM.extab* .gnu.linkonce.armextab.*)
                0x0800a248                __exidx_start = .

.ARM.exidx      0x0800a248        0x8
 *(.ARM.exidx* .gnu.linkonce.armexidx.*)
 .ARM.exidx     0x0800a248        0x8 c:/program files (x86)/gnu tools arm embedded/4.9 2015q2/bin/../lib/gcc/arm-none-eabi/4.9.3/armv6-m\libgcc.a(_divdi3.o)
 .ARM.exidx     0x0800a250        0x0 c:/program files (x86)/gnu tools arm embedded/4.9 2015q2/bin/../lib/gcc/arm-none-eabi/4.9.3/armv6-m\libgcc.a(_udivdi3.o)
                                  0x8 (size before relaxing)
                0x0800a250                __exidx_end = .
                0x0800a250                __etext = .
                0x0800a250                _sidata = __etext

.rel.dyn        0x0800a250        0x0
 .rel.iplt      0x00000000        0x0 ..\obj\delay.o

.data           0x20000000      0x8c4 load address 0x0800a250
                0x20000000                __data_start__ = .
                0x20000000                _sdata = __data_start__
 *(vtable)
 *(.data*)
 .data          0x20000000       0x10 ..\obj\stm32f0xx_rcc.o
 .data          0x20000010       0x14 ..\obj\system_stm32f0xx.o
                0x20000010                SystemCoreClock
                0x20000014                AHBPrescTable
 *fill*         0x20000024        0x4 
 .data.impure_data
                0x20000028      0x428 c:/program files (x86)/gnu tools arm embedded/4.9 2015q2/bin/../lib/gcc/arm-none-eabi/4.9.3/../../../../arm-none-eabi/lib/armv6-m\libg.a(lib_a-impure.o)
 .data._impure_ptr
                0x20000450        0x4 c:/program files (x86)/gnu tools arm embedded/4.9 2015q2/bin/../lib/gcc/arm-none-eabi/4.9.3/../../../../arm-none-eabi/lib/armv6-m\libg.a(lib_a-impure.o)
                0x20000450                _impure_ptr
 .data.lconv    0x20000454       0x38 c:/program files (x86)/gnu tools arm embedded/4.9 2015q2/bin/../lib/gcc/arm-none-eabi/4.9.3/../../../../arm-none-eabi/lib/armv6-m\libg.a(lib_a-locale.o)
 .data.lc_ctype_charset
                0x2000048c       0x20 c:/program files (x86)/gnu tools arm embedded/4.9 2015q2/bin/../lib/gcc/arm-none-eabi/4.9.3/../../../../arm-none-eabi/lib/armv6-m\libg.a(lib_a-locale.o)
 .data.__mb_cur_max
                0x200004ac        0x4 c:/program files (x86)/gnu tools arm embedded/4.9 2015q2/bin/../lib/gcc/arm-none-eabi/4.9.3/../../../../arm-none-eabi/lib/armv6-m\libg.a(lib_a-locale.o)
                0x200004ac                __mb_cur_max
 .data.__malloc_av_
                0x200004b0      0x408 c:/program files (x86)/gnu tools arm embedded/4.9 2015q2/bin/../lib/gcc/arm-none-eabi/4.9.3/../../../../arm-none-eabi/lib/armv6-m\libg.a(lib_a-mallocr.o)
                0x200004b0                __malloc_av_
 .data.__malloc_trim_threshold
                0x200008b8        0x4 c:/program files (x86)/gnu tools arm embedded/4.9 2015q2/bin/../lib/gcc/arm-none-eabi/4.9.3/../../../../arm-none-eabi/lib/armv6-m\libg.a(lib_a-mallocr.o)
                0x200008b8                __malloc_trim_threshold
 .data.__malloc_sbrk_base
                0x200008bc        0x4 c:/program files (x86)/gnu tools arm embedded/4.9 2015q2/bin/../lib/gcc/arm-none-eabi/4.9.3/../../../../arm-none-eabi/lib/armv6-m\libg.a(lib_a-mallocr.o)
                0x200008bc                __malloc_sbrk_base
 .data.__wctomb
                0x200008c0        0x4 c:/program files (x86)/gnu tools arm embedded/4.9 2015q2/bin/../lib/gcc/arm-none-eabi/4.9.3/../../../../arm-none-eabi/lib/armv6-m\libg.a(lib_a-wctomb_r.o)
                0x200008c0                __wctomb
                0x200008c4                . = ALIGN (0x4)
                0x200008c4                PROVIDE (__preinit_array_start, .)
 *(.preinit_array)
                0x200008c4                PROVIDE (__preinit_array_end, .)
                0x200008c4                . = ALIGN (0x4)
                0x200008c4                PROVIDE (__init_array_start, .)
 *(SORT(.init_array.*))
 *(.init_array)
                0x200008c4                PROVIDE (__init_array_end, .)
                0x200008c4                . = ALIGN (0x4)
                0x200008c4                PROVIDE (__fini_array_start, .)
 *(SORT(.fini_array.*))
 *(.fini_array)
                0x200008c4                PROVIDE (__fini_array_end, .)
 *(.jcr*)
                0x200008c4                . = ALIGN (0x4)
                0x200008c4                __data_end__ = .
                0x200008c4                _edata = __data_end__

.igot.plt       0x200008c4        0x0 load address 0x0800ab14
 .igot.plt      0x00000000        0x0 ..\obj\delay.o

.bss            0x200008c4       0x64 load address 0x0800ab14
                0x200008c4                . = ALIGN (0x4)
                0x200008c4                __bss_start__ = .
                0x200008c4                _sbss = __bss_start__
 *(.bss*)
 .bss           0x200008c4        0x8 ..\obj\delay.o
 .bss           0x200008cc        0x2 ..\obj\main.o
                0x200008cc                alarm
                0x200008cd                setAlarm
 *fill*         0x200008ce        0x2 
 .bss           0x200008d0        0x8 ..\obj\Alarm.o
                0x200008d0                AsynchPrediv
                0x200008d4                SynchPrediv
 .bss           0x200008d8        0x4 ..\obj\syscalls.o
 .bss.__malloc_max_total_mem
                0x200008dc        0x4 c:/program files (x86)/gnu tools arm embedded/4.9 2015q2/bin/../lib/gcc/arm-none-eabi/4.9.3/../../../../arm-none-eabi/lib/armv6-m\libg.a(lib_a-mallocr.o)
                0x200008dc                __malloc_max_total_mem
 .bss.__malloc_max_sbrked_mem
                0x200008e0        0x4 c:/program files (x86)/gnu tools arm embedded/4.9 2015q2/bin/../lib/gcc/arm-none-eabi/4.9.3/../../../../arm-none-eabi/lib/armv6-m\libg.a(lib_a-mallocr.o)
                0x200008e0                __malloc_max_sbrked_mem
 .bss.__malloc_top_pad
                0x200008e4        0x4 c:/program files (x86)/gnu tools arm embedded/4.9 2015q2/bin/../lib/gcc/arm-none-eabi/4.9.3/../../../../arm-none-eabi/lib/armv6-m\libg.a(lib_a-mallocr.o)
                0x200008e4                __malloc_top_pad
 .bss.__malloc_current_mallinfo
                0x200008e8       0x28 c:/program files (x86)/gnu tools arm embedded/4.9 2015q2/bin/../lib/gcc/arm-none-eabi/4.9.3/../../../../arm-none-eabi/lib/armv6-m\libg.a(lib_a-mallocr.o)
                0x200008e8                __malloc_current_mallinfo
 *(COMMON)
 COMMON         0x20000910       0x10 ..\obj\delay.o
                0x20000910                usec_count
                0x20000914                sec_count
                0x20000918                msec_count
                0x2000091c                tick_count
 COMMON         0x20000920        0x2 ..\obj\main.o
                0x20000920                dummy
 *fill*         0x20000922        0x2 
 COMMON         0x20000924        0x4 c:/program files (x86)/gnu tools arm embedded/4.9 2015q2/bin/../lib/gcc/arm-none-eabi/4.9.3/../../../../arm-none-eabi/lib/armv6-m\libg.a(lib_a-reent.o)
                0x20000924                errno
                0x20000928                . = ALIGN (0x4)
                0x20000928                __bss_end__ = .
                0x20000928                _ebss = __bss_end__

.heap           0x20000928        0x0
                0x20000928                __end__ = .
                0x20000928                _end = __end__
                0x20000928                end = __end__
 *(.heap*)
                0x20000928                __HeapLimit = .

.co_stack       0x20000928        0x0
                0x20000928                . = ALIGN (0x8)
 *(.co_stack .co_stack.*)
                0x20004000                __StackTop = (ORIGIN (ram) + 0x4000)
                0x20004000                __StackLimit = (__StackTop - SIZEOF (.co_stack))
                0x20004000                PROVIDE (__stack, __StackTop)
                0x00000001                ASSERT ((__StackLimit >= __HeapLimit), region ram  overflowed with stack)
LOAD ..\obj\delay.o
LOAD ..\obj\stm32f0xx_rcc.o
LOAD ..\obj\USART_Init.o
LOAD ..\obj\stm32f0xx_adc.o
LOAD ..\obj\stm32f0xx_iwdg.o
LOAD ..\obj\main.o
LOAD ..\obj\startup_stm32f0xx.o
LOAD ..\obj\GPIO.o
LOAD ..\obj\stm32f0xx_dma.o
LOAD ..\obj\Alarm.o
LOAD ..\obj\stm32f0xx_gpio.o
LOAD ..\obj\stm32f0xx_rtc.o
LOAD ..\obj\syscalls.o
LOAD ..\obj\stm32f0xx_usart.o
LOAD ..\obj\stm32f0xx_tim.o
LOAD ..\obj\system_stm32f0xx.o
LOAD ..\obj\stm32f0xx_exti.o
LOAD ..\obj\stm32f0xx_syscfg.o
LOAD ..\obj\stm32f0xx_pwr.o
LOAD ..\obj\stm32f0xx_misc.o
START GROUP
LOAD c:/program files (x86)/gnu tools arm embedded/4.9 2015q2/bin/../lib/gcc/arm-none-eabi/4.9.3/armv6-m\libgcc.a
LOAD c:/program files (x86)/gnu tools arm embedded/4.9 2015q2/bin/../lib/gcc/arm-none-eabi/4.9.3/../../../../arm-none-eabi/lib/armv6-m\libg.a
LOAD c:/program files (x86)/gnu tools arm embedded/4.9 2015q2/bin/../lib/gcc/arm-none-eabi/4.9.3/../../../../arm-none-eabi/lib/armv6-m\libc.a
END GROUP
OUTPUT(sunrise_STM32F0.elf elf32-littlearm)

.debug_info     0x00000000     0x7e43
 .debug_info    0x00000000      0x5b1 ..\obj\delay.o
 .debug_info    0x000005b1      0xa2b ..\obj\stm32f0xx_rcc.o
 .debug_info    0x00000fdc      0x4ec ..\obj\USART_Init.o
 .debug_info    0x000014c8      0x213 ..\obj\stm32f0xx_iwdg.o
 .debug_info    0x000016db      0x22c ..\obj\main.o
 .debug_info    0x00001907       0xb9 ..\obj\startup_stm32f0xx.o
 .debug_info    0x000019c0      0x90c ..\obj\GPIO.o
 .debug_info    0x000022cc      0x6e0 ..\obj\Alarm.o
 .debug_info    0x000029ac      0x5cf ..\obj\stm32f0xx_gpio.o
 .debug_info    0x00002f7b      0xf15 ..\obj\stm32f0xx_rtc.o
 .debug_info    0x00003e90      0x52e ..\obj\syscalls.o
 .debug_info    0x000043be      0xe46 ..\obj\stm32f0xx_usart.o
 .debug_info    0x00005204     0x1c67 ..\obj\stm32f0xx_tim.o
 .debug_info    0x00006e6b      0x2ef ..\obj\system_stm32f0xx.o
 .debug_info    0x0000715a      0x30d ..\obj\stm32f0xx_exti.o
 .debug_info    0x00007467      0x2a9 ..\obj\stm32f0xx_syscfg.o
 .debug_info    0x00007710      0x3c9 ..\obj\stm32f0xx_pwr.o
 .debug_info    0x00007ad9      0x36a ..\obj\stm32f0xx_misc.o

.debug_abbrev   0x00000000     0x1917
 .debug_abbrev  0x00000000      0x209 ..\obj\delay.o
 .debug_abbrev  0x00000209      0x1ec ..\obj\stm32f0xx_rcc.o
 .debug_abbrev  0x000003f5      0x176 ..\obj\USART_Init.o
 .debug_abbrev  0x0000056b      0x10c ..\obj\stm32f0xx_iwdg.o
 .debug_abbrev  0x00000677       0xea ..\obj\main.o
 .debug_abbrev  0x00000761       0x12 ..\obj\startup_stm32f0xx.o
 .debug_abbrev  0x00000773      0x15b ..\obj\GPIO.o
 .debug_abbrev  0x000008ce      0x1b6 ..\obj\Alarm.o
 .debug_abbrev  0x00000a84      0x19b ..\obj\stm32f0xx_gpio.o
 .debug_abbrev  0x00000c1f      0x1b5 ..\obj\stm32f0xx_rtc.o
 .debug_abbrev  0x00000dd4      0x15c ..\obj\syscalls.o
 .debug_abbrev  0x00000f30      0x15c ..\obj\stm32f0xx_usart.o
 .debug_abbrev  0x0000108c      0x1b5 ..\obj\stm32f0xx_tim.o
 .debug_abbrev  0x00001241      0x134 ..\obj\system_stm32f0xx.o
 .debug_abbrev  0x00001375      0x192 ..\obj\stm32f0xx_exti.o
 .debug_abbrev  0x00001507      0x147 ..\obj\stm32f0xx_syscfg.o
 .debug_abbrev  0x0000164e      0x186 ..\obj\stm32f0xx_pwr.o
 .debug_abbrev  0x000017d4      0x143 ..\obj\stm32f0xx_misc.o

.debug_aranges  0x00000000      0xbf8
 .debug_aranges
                0x00000000       0x68 ..\obj\delay.o
 .debug_aranges
                0x00000068      0x160 ..\obj\stm32f0xx_rcc.o
 .debug_aranges
                0x000001c8       0x30 ..\obj\USART_Init.o
 .debug_aranges
                0x000001f8       0x50 ..\obj\stm32f0xx_iwdg.o
 .debug_aranges
                0x00000248       0x30 ..\obj\main.o
 .debug_aranges
                0x00000278       0x28 ..\obj\startup_stm32f0xx.o
 .debug_aranges
                0x000002a0       0x58 ..\obj\GPIO.o
 .debug_aranges
                0x000002f8       0x48 ..\obj\Alarm.o
 .debug_aranges
                0x00000340       0x80 ..\obj\stm32f0xx_gpio.o
 .debug_aranges
                0x000003c0      0x1c0 ..\obj\stm32f0xx_rtc.o
 .debug_aranges
                0x00000580       0x60 ..\obj\syscalls.o
 .debug_aranges
                0x000005e0      0x1a0 ..\obj\stm32f0xx_usart.o
 .debug_aranges
                0x00000780      0x300 ..\obj\stm32f0xx_tim.o
 .debug_aranges
                0x00000a80       0x30 ..\obj\system_stm32f0xx.o
 .debug_aranges
                0x00000ab0       0x58 ..\obj\stm32f0xx_exti.o
 .debug_aranges
                0x00000b08       0x58 ..\obj\stm32f0xx_syscfg.o
 .debug_aranges
                0x00000b60       0x68 ..\obj\stm32f0xx_pwr.o
 .debug_aranges
                0x00000bc8       0x30 ..\obj\stm32f0xx_misc.o

.debug_ranges   0x00000000      0xae0
 .debug_ranges  0x00000000       0x58 ..\obj\delay.o
 .debug_ranges  0x00000058      0x150 ..\obj\stm32f0xx_rcc.o
 .debug_ranges  0x000001a8       0x20 ..\obj\USART_Init.o
 .debug_ranges  0x000001c8       0x40 ..\obj\stm32f0xx_iwdg.o
 .debug_ranges  0x00000208       0x20 ..\obj\main.o
 .debug_ranges  0x00000228       0x20 ..\obj\startup_stm32f0xx.o
 .debug_ranges  0x00000248       0x48 ..\obj\GPIO.o
 .debug_ranges  0x00000290       0x38 ..\obj\Alarm.o
 .debug_ranges  0x000002c8       0x70 ..\obj\stm32f0xx_gpio.o
 .debug_ranges  0x00000338      0x1b0 ..\obj\stm32f0xx_rtc.o
 .debug_ranges  0x000004e8       0x50 ..\obj\syscalls.o
 .debug_ranges  0x00000538      0x190 ..\obj\stm32f0xx_usart.o
 .debug_ranges  0x000006c8      0x2f0 ..\obj\stm32f0xx_tim.o
 .debug_ranges  0x000009b8       0x20 ..\obj\system_stm32f0xx.o
 .debug_ranges  0x000009d8       0x48 ..\obj\stm32f0xx_exti.o
 .debug_ranges  0x00000a20       0x48 ..\obj\stm32f0xx_syscfg.o
 .debug_ranges  0x00000a68       0x58 ..\obj\stm32f0xx_pwr.o
 .debug_ranges  0x00000ac0       0x20 ..\obj\stm32f0xx_misc.o

.debug_line     0x00000000     0x3e00
 .debug_line    0x00000000      0x306 ..\obj\delay.o
 .debug_line    0x00000306      0x567 ..\obj\stm32f0xx_rcc.o
 .debug_line    0x0000086d      0x24f ..\obj\USART_Init.o
 .debug_line    0x00000abc      0x1fd ..\obj\stm32f0xx_iwdg.o
 .debug_line    0x00000cb9      0x1bb ..\obj\main.o
 .debug_line    0x00000e74       0xaf ..\obj\startup_stm32f0xx.o
 .debug_line    0x00000f23      0x2f4 ..\obj\GPIO.o
 .debug_line    0x00001217      0x363 ..\obj\Alarm.o
 .debug_line    0x0000157a      0x306 ..\obj\stm32f0xx_gpio.o
 .debug_line    0x00001880      0x78a ..\obj\stm32f0xx_rtc.o
 .debug_line    0x0000200a      0x250 ..\obj\syscalls.o
 .debug_line    0x0000225a      0x5f2 ..\obj\stm32f0xx_usart.o
 .debug_line    0x0000284c      0xa3e ..\obj\stm32f0xx_tim.o
 .debug_line    0x0000328a      0x1c7 ..\obj\system_stm32f0xx.o
 .debug_line    0x00003451      0x27a ..\obj\stm32f0xx_exti.o
 .debug_line    0x000036cb      0x223 ..\obj\stm32f0xx_syscfg.o
 .debug_line    0x000038ee      0x2c3 ..\obj\stm32f0xx_pwr.o
 .debug_line    0x00003bb1      0x24f ..\obj\stm32f0xx_misc.o

.debug_str      0x00000000     0x3500
 .debug_str     0x00000000      0x527 ..\obj\delay.o
                                0x58c (size before relaxing)
 .debug_str     0x00000527      0x5e2 ..\obj\stm32f0xx_rcc.o
                                0x784 (size before relaxing)
 .debug_str     0x00000b09      0x2dd ..\obj\USART_Init.o
                                0x46c (size before relaxing)
 .debug_str     0x00000de6      0x103 ..\obj\stm32f0xx_iwdg.o
                                0x274 (size before relaxing)
 .debug_str     0x00000ee9       0x6e ..\obj\main.o
                                0x25a (size before relaxing)
 .debug_str     0x00000f57      0x39e ..\obj\GPIO.o
                                0x913 (size before relaxing)
 .debug_str     0x000012f5      0x1d7 ..\obj\Alarm.o
                                0x742 (size before relaxing)
 .debug_str     0x000014cc      0x16d ..\obj\stm32f0xx_gpio.o
                                0x48c (size before relaxing)
 .debug_str     0x00001639      0x798 ..\obj\stm32f0xx_rtc.o
                                0xa42 (size before relaxing)
 .debug_str     0x00001dd1      0x16d ..\obj\syscalls.o
                                0x35e (size before relaxing)
 .debug_str     0x00001f3e      0x66c ..\obj\stm32f0xx_usart.o
                                0x978 (size before relaxing)
 .debug_str     0x000025aa      0xa2a ..\obj\stm32f0xx_tim.o
                                0xdde (size before relaxing)
 .debug_str     0x00002fd4       0x99 ..\obj\system_stm32f0xx.o
                                0x291 (size before relaxing)
 .debug_str     0x0000306d       0xf2 ..\obj\stm32f0xx_exti.o
                                0x32f (size before relaxing)
 .debug_str     0x0000315f      0x19a ..\obj\stm32f0xx_syscfg.o
                                0x31b (size before relaxing)
 .debug_str     0x000032f9      0x15a ..\obj\stm32f0xx_pwr.o
                                0x31b (size before relaxing)
 .debug_str     0x00003453       0xad ..\obj\stm32f0xx_misc.o
                                0x2f6 (size before relaxing)

.comment        0x00000000       0x70
 .comment       0x00000000       0x70 ..\obj\delay.o
                                 0x71 (size before relaxing)
 .comment       0x00000000       0x71 ..\obj\stm32f0xx_rcc.o
 .comment       0x00000000       0x71 ..\obj\USART_Init.o
 .comment       0x00000000       0x71 ..\obj\stm32f0xx_iwdg.o
 .comment       0x00000000       0x71 ..\obj\main.o
 .comment       0x00000000       0x71 ..\obj\GPIO.o
 .comment       0x00000000       0x71 ..\obj\Alarm.o
 .comment       0x00000000       0x71 ..\obj\stm32f0xx_gpio.o
 .comment       0x00000000       0x71 ..\obj\stm32f0xx_rtc.o
 .comment       0x00000000       0x71 ..\obj\syscalls.o
 .comment       0x00000000       0x71 ..\obj\stm32f0xx_usart.o
 .comment       0x00000000       0x71 ..\obj\stm32f0xx_tim.o
 .comment       0x00000000       0x71 ..\obj\system_stm32f0xx.o
 .comment       0x00000000       0x71 ..\obj\stm32f0xx_exti.o
 .comment       0x00000000       0x71 ..\obj\stm32f0xx_syscfg.o
 .comment       0x00000000       0x71 ..\obj\stm32f0xx_pwr.o
 .comment       0x00000000       0x71 ..\obj\stm32f0xx_misc.o

.ARM.attributes
                0x00000000       0x2f
 .ARM.attributes
                0x00000000       0x31 ..\obj\delay.o
 .ARM.attributes
                0x00000031       0x31 ..\obj\stm32f0xx_rcc.o
 .ARM.attributes
                0x00000062       0x31 ..\obj\USART_Init.o
 .ARM.attributes
                0x00000093       0x31 ..\obj\stm32f0xx_iwdg.o
 .ARM.attributes
                0x000000c4       0x31 ..\obj\main.o
 .ARM.attributes
                0x000000f5       0x21 ..\obj\startup_stm32f0xx.o
 .ARM.attributes
                0x00000116       0x31 ..\obj\GPIO.o
 .ARM.attributes
                0x00000147       0x31 ..\obj\Alarm.o
 .ARM.attributes
                0x00000178       0x31 ..\obj\stm32f0xx_gpio.o
 .ARM.attributes
                0x000001a9       0x31 ..\obj\stm32f0xx_rtc.o
 .ARM.attributes
                0x000001da       0x31 ..\obj\syscalls.o
 .ARM.attributes
                0x0000020b       0x31 ..\obj\stm32f0xx_usart.o
 .ARM.attributes
                0x0000023c       0x31 ..\obj\stm32f0xx_tim.o
 .ARM.attributes
                0x0000026d       0x31 ..\obj\system_stm32f0xx.o
 .ARM.attributes
                0x0000029e       0x31 ..\obj\stm32f0xx_exti.o
 .ARM.attributes
                0x000002cf       0x31 ..\obj\stm32f0xx_syscfg.o
 .ARM.attributes
                0x00000300       0x31 ..\obj\stm32f0xx_pwr.o
 .ARM.attributes
                0x00000331       0x31 ..\obj\stm32f0xx_misc.o
 .ARM.attributes
                0x00000362       0x1e c:/program files (x86)/gnu tools arm embedded/4.9 2015q2/bin/../lib/gcc/arm-none-eabi/4.9.3/armv6-m\libgcc.a(_udivsi3.o)
 .ARM.attributes
                0x00000380       0x1e c:/program files (x86)/gnu tools arm embedded/4.9 2015q2/bin/../lib/gcc/arm-none-eabi/4.9.3/armv6-m\libgcc.a(_dvmd_tls.o)
 .ARM.attributes
                0x0000039e       0x2c c:/program files (x86)/gnu tools arm embedded/4.9 2015q2/bin/../lib/gcc/arm-none-eabi/4.9.3/../../../../arm-none-eabi/lib/armv6-m\libg.a(lib_a-printf.o)
 .ARM.attributes
                0x000003ca       0x2c c:/program files (x86)/gnu tools arm embedded/4.9 2015q2/bin/../lib/gcc/arm-none-eabi/4.9.3/../../../../arm-none-eabi/lib/armv6-m\libg.a(lib_a-vfprintf.o)
 .ARM.attributes
                0x000003f6       0x2c c:/program files (x86)/gnu tools arm embedded/4.9 2015q2/bin/../lib/gcc/arm-none-eabi/4.9.3/../../../../arm-none-eabi/lib/armv6-m\libg.a(lib_a-wsetup.o)
 .ARM.attributes
                0x00000422       0x2c c:/program files (x86)/gnu tools arm embedded/4.9 2015q2/bin/../lib/gcc/arm-none-eabi/4.9.3/../../../../arm-none-eabi/lib/armv6-m\libg.a(lib_a-dtoa.o)
 .ARM.attributes
                0x0000044e       0x2c c:/program files (x86)/gnu tools arm embedded/4.9 2015q2/bin/../lib/gcc/arm-none-eabi/4.9.3/../../../../arm-none-eabi/lib/armv6-m\libg.a(lib_a-fflush.o)
 .ARM.attributes
                0x0000047a       0x2c c:/program files (x86)/gnu tools arm embedded/4.9 2015q2/bin/../lib/gcc/arm-none-eabi/4.9.3/../../../../arm-none-eabi/lib/armv6-m\libg.a(lib_a-findfp.o)
 .ARM.attributes
                0x000004a6       0x2c c:/program files (x86)/gnu tools arm embedded/4.9 2015q2/bin/../lib/gcc/arm-none-eabi/4.9.3/../../../../arm-none-eabi/lib/armv6-m\libg.a(lib_a-freer.o)
 .ARM.attributes
                0x000004d2       0x2c c:/program files (x86)/gnu tools arm embedded/4.9 2015q2/bin/../lib/gcc/arm-none-eabi/4.9.3/../../../../arm-none-eabi/lib/armv6-m\libg.a(lib_a-fwalk.o)
 .ARM.attributes
                0x000004fe       0x2c c:/program files (x86)/gnu tools arm embedded/4.9 2015q2/bin/../lib/gcc/arm-none-eabi/4.9.3/../../../../arm-none-eabi/lib/armv6-m\libg.a(lib_a-impure.o)
 .ARM.attributes
                0x0000052a       0x2c c:/program files (x86)/gnu tools arm embedded/4.9 2015q2/bin/../lib/gcc/arm-none-eabi/4.9.3/../../../../arm-none-eabi/lib/armv6-m\libg.a(lib_a-locale.o)
 .ARM.attributes
                0x00000556       0x2c c:/program files (x86)/gnu tools arm embedded/4.9 2015q2/bin/../lib/gcc/arm-none-eabi/4.9.3/../../../../arm-none-eabi/lib/armv6-m\libg.a(lib_a-makebuf.o)
 .ARM.attributes
                0x00000582       0x2c c:/program files (x86)/gnu tools arm embedded/4.9 2015q2/bin/../lib/gcc/arm-none-eabi/4.9.3/../../../../arm-none-eabi/lib/armv6-m\libg.a(lib_a-mallocr.o)
 .ARM.attributes
                0x000005ae       0x2c c:/program files (x86)/gnu tools arm embedded/4.9 2015q2/bin/../lib/gcc/arm-none-eabi/4.9.3/../../../../arm-none-eabi/lib/armv6-m\libg.a(lib_a-memchr.o)
 .ARM.attributes
                0x000005da       0x2c c:/program files (x86)/gnu tools arm embedded/4.9 2015q2/bin/../lib/gcc/arm-none-eabi/4.9.3/../../../../arm-none-eabi/lib/armv6-m\libg.a(lib_a-memcpy.o)
 .ARM.attributes
                0x00000606       0x2c c:/program files (x86)/gnu tools arm embedded/4.9 2015q2/bin/../lib/gcc/arm-none-eabi/4.9.3/../../../../arm-none-eabi/lib/armv6-m\libg.a(lib_a-memset.o)
 .ARM.attributes
                0x00000632       0x2c c:/program files (x86)/gnu tools arm embedded/4.9 2015q2/bin/../lib/gcc/arm-none-eabi/4.9.3/../../../../arm-none-eabi/lib/armv6-m\libg.a(lib_a-mlock.o)
 .ARM.attributes
                0x0000065e       0x2c c:/program files (x86)/gnu tools arm embedded/4.9 2015q2/bin/../lib/gcc/arm-none-eabi/4.9.3/../../../../arm-none-eabi/lib/armv6-m\libg.a(lib_a-mprec.o)
 .ARM.attributes
                0x0000068a       0x2c c:/program files (x86)/gnu tools arm embedded/4.9 2015q2/bin/../lib/gcc/arm-none-eabi/4.9.3/../../../../arm-none-eabi/lib/armv6-m\libg.a(lib_a-s_fpclassify.o)
 .ARM.attributes
                0x000006b6       0x2c c:/program files (x86)/gnu tools arm embedded/4.9 2015q2/bin/../lib/gcc/arm-none-eabi/4.9.3/../../../../arm-none-eabi/lib/armv6-m\libg.a(lib_a-sbrkr.o)
 .ARM.attributes
                0x000006e2       0x2c c:/program files (x86)/gnu tools arm embedded/4.9 2015q2/bin/../lib/gcc/arm-none-eabi/4.9.3/../../../../arm-none-eabi/lib/armv6-m\libg.a(lib_a-stdio.o)
 .ARM.attributes
                0x0000070e       0x2c c:/program files (x86)/gnu tools arm embedded/4.9 2015q2/bin/../lib/gcc/arm-none-eabi/4.9.3/../../../../arm-none-eabi/lib/armv6-m\libg.a(lib_a-strlen.o)
 .ARM.attributes
                0x0000073a       0x2c c:/program files (x86)/gnu tools arm embedded/4.9 2015q2/bin/../lib/gcc/arm-none-eabi/4.9.3/../../../../arm-none-eabi/lib/armv6-m\libg.a(lib_a-vfiprintf.o)
 .ARM.attributes
                0x00000766       0x2c c:/program files (x86)/gnu tools arm embedded/4.9 2015q2/bin/../lib/gcc/arm-none-eabi/4.9.3/../../../../arm-none-eabi/lib/armv6-m\libg.a(lib_a-writer.o)
 .ARM.attributes
                0x00000792       0x2c c:/program files (x86)/gnu tools arm embedded/4.9 2015q2/bin/../lib/gcc/arm-none-eabi/4.9.3/../../../../arm-none-eabi/lib/armv6-m\libg.a(lib_a-callocr.o)
 .ARM.attributes
                0x000007be       0x2c c:/program files (x86)/gnu tools arm embedded/4.9 2015q2/bin/../lib/gcc/arm-none-eabi/4.9.3/../../../../arm-none-eabi/lib/armv6-m\libg.a(lib_a-closer.o)
 .ARM.attributes
                0x000007ea       0x2c c:/program files (x86)/gnu tools arm embedded/4.9 2015q2/bin/../lib/gcc/arm-none-eabi/4.9.3/../../../../arm-none-eabi/lib/armv6-m\libg.a(lib_a-fclose.o)
 .ARM.attributes
                0x00000816       0x2c c:/program files (x86)/gnu tools arm embedded/4.9 2015q2/bin/../lib/gcc/arm-none-eabi/4.9.3/../../../../arm-none-eabi/lib/armv6-m\libg.a(lib_a-fputwc.o)
 .ARM.attributes
                0x00000842       0x2c c:/program files (x86)/gnu tools arm embedded/4.9 2015q2/bin/../lib/gcc/arm-none-eabi/4.9.3/../../../../arm-none-eabi/lib/armv6-m\libg.a(lib_a-fstatr.o)
 .ARM.attributes
                0x0000086e       0x2c c:/program files (x86)/gnu tools arm embedded/4.9 2015q2/bin/../lib/gcc/arm-none-eabi/4.9.3/../../../../arm-none-eabi/lib/armv6-m\libg.a(lib_a-fvwrite.o)
 .ARM.attributes
                0x0000089a       0x2c c:/program files (x86)/gnu tools arm embedded/4.9 2015q2/bin/../lib/gcc/arm-none-eabi/4.9.3/../../../../arm-none-eabi/lib/armv6-m\libg.a(lib_a-isattyr.o)
 .ARM.attributes
                0x000008c6       0x2c c:/program files (x86)/gnu tools arm embedded/4.9 2015q2/bin/../lib/gcc/arm-none-eabi/4.9.3/../../../../arm-none-eabi/lib/armv6-m\libg.a(lib_a-lseekr.o)
 .ARM.attributes
                0x000008f2       0x2c c:/program files (x86)/gnu tools arm embedded/4.9 2015q2/bin/../lib/gcc/arm-none-eabi/4.9.3/../../../../arm-none-eabi/lib/armv6-m\libg.a(lib_a-memmove.o)
 .ARM.attributes
                0x0000091e       0x2c c:/program files (x86)/gnu tools arm embedded/4.9 2015q2/bin/../lib/gcc/arm-none-eabi/4.9.3/../../../../arm-none-eabi/lib/armv6-m\libg.a(lib_a-readr.o)
 .ARM.attributes
                0x0000094a       0x2c c:/program files (x86)/gnu tools arm embedded/4.9 2015q2/bin/../lib/gcc/arm-none-eabi/4.9.3/../../../../arm-none-eabi/lib/armv6-m\libg.a(lib_a-reallocr.o)
 .ARM.attributes
                0x00000976       0x2c c:/program files (x86)/gnu tools arm embedded/4.9 2015q2/bin/../lib/gcc/arm-none-eabi/4.9.3/../../../../arm-none-eabi/lib/armv6-m\libg.a(lib_a-reent.o)
 .ARM.attributes
                0x000009a2       0x2c c:/program files (x86)/gnu tools arm embedded/4.9 2015q2/bin/../lib/gcc/arm-none-eabi/4.9.3/../../../../arm-none-eabi/lib/armv6-m\libg.a(lib_a-wbuf.o)
 .ARM.attributes
                0x000009ce       0x2c c:/program files (x86)/gnu tools arm embedded/4.9 2015q2/bin/../lib/gcc/arm-none-eabi/4.9.3/../../../../arm-none-eabi/lib/armv6-m\libg.a(lib_a-wcrtomb.o)
 .ARM.attributes
                0x000009fa       0x2c c:/program files (x86)/gnu tools arm embedded/4.9 2015q2/bin/../lib/gcc/arm-none-eabi/4.9.3/../../../../arm-none-eabi/lib/armv6-m\libg.a(lib_a-wctomb_r.o)
 .ARM.attributes
                0x00000a26       0x1e c:/program files (x86)/gnu tools arm embedded/4.9 2015q2/bin/../lib/gcc/arm-none-eabi/4.9.3/armv6-m\libgcc.a(_divsi3.o)
 .ARM.attributes
                0x00000a44       0x1e c:/program files (x86)/gnu tools arm embedded/4.9 2015q2/bin/../lib/gcc/arm-none-eabi/4.9.3/armv6-m\libgcc.a(_arm_cmpdf2.o)
 .ARM.attributes
                0x00000a62       0x1e c:/program files (x86)/gnu tools arm embedded/4.9 2015q2/bin/../lib/gcc/arm-none-eabi/4.9.3/armv6-m\libgcc.a(_aeabi_uldivmod.o)
 .ARM.attributes
                0x00000a80       0x2c c:/program files (x86)/gnu tools arm embedded/4.9 2015q2/bin/../lib/gcc/arm-none-eabi/4.9.3/armv6-m\libgcc.a(bpabi.o)
 .ARM.attributes
                0x00000aac       0x2c c:/program files (x86)/gnu tools arm embedded/4.9 2015q2/bin/../lib/gcc/arm-none-eabi/4.9.3/armv6-m\libgcc.a(adddf3.o)
 .ARM.attributes
                0x00000ad8       0x2c c:/program files (x86)/gnu tools arm embedded/4.9 2015q2/bin/../lib/gcc/arm-none-eabi/4.9.3/armv6-m\libgcc.a(divdf3.o)
 .ARM.attributes
                0x00000b04       0x2c c:/program files (x86)/gnu tools arm embedded/4.9 2015q2/bin/../lib/gcc/arm-none-eabi/4.9.3/armv6-m\libgcc.a(eqdf2.o)
 .ARM.attributes
                0x00000b30       0x2c c:/program files (x86)/gnu tools arm embedded/4.9 2015q2/bin/../lib/gcc/arm-none-eabi/4.9.3/armv6-m\libgcc.a(gedf2.o)
 .ARM.attributes
                0x00000b5c       0x2c c:/program files (x86)/gnu tools arm embedded/4.9 2015q2/bin/../lib/gcc/arm-none-eabi/4.9.3/armv6-m\libgcc.a(ledf2.o)
 .ARM.attributes
                0x00000b88       0x2c c:/program files (x86)/gnu tools arm embedded/4.9 2015q2/bin/../lib/gcc/arm-none-eabi/4.9.3/armv6-m\libgcc.a(muldf3.o)
 .ARM.attributes
                0x00000bb4       0x2c c:/program files (x86)/gnu tools arm embedded/4.9 2015q2/bin/../lib/gcc/arm-none-eabi/4.9.3/armv6-m\libgcc.a(subdf3.o)
 .ARM.attributes
                0x00000be0       0x2c c:/program files (x86)/gnu tools arm embedded/4.9 2015q2/bin/../lib/gcc/arm-none-eabi/4.9.3/armv6-m\libgcc.a(fixdfsi.o)
 .ARM.attributes
                0x00000c0c       0x2c c:/program files (x86)/gnu tools arm embedded/4.9 2015q2/bin/../lib/gcc/arm-none-eabi/4.9.3/armv6-m\libgcc.a(floatsidf.o)
 .ARM.attributes
                0x00000c38       0x2c c:/program files (x86)/gnu tools arm embedded/4.9 2015q2/bin/../lib/gcc/arm-none-eabi/4.9.3/armv6-m\libgcc.a(floatunsidf.o)
 .ARM.attributes
                0x00000c64       0x1e c:/program files (x86)/gnu tools arm embedded/4.9 2015q2/bin/../lib/gcc/arm-none-eabi/4.9.3/armv6-m\libgcc.a(_clzsi2.o)
 .ARM.attributes
                0x00000c82       0x2c c:/program files (x86)/gnu tools arm embedded/4.9 2015q2/bin/../lib/gcc/arm-none-eabi/4.9.3/armv6-m\libgcc.a(_muldi3.o)
 .ARM.attributes
                0x00000cae       0x2c c:/program files (x86)/gnu tools arm embedded/4.9 2015q2/bin/../lib/gcc/arm-none-eabi/4.9.3/armv6-m\libgcc.a(_divdi3.o)
 .ARM.attributes
                0x00000cda       0x2c c:/program files (x86)/gnu tools arm embedded/4.9 2015q2/bin/../lib/gcc/arm-none-eabi/4.9.3/armv6-m\libgcc.a(_udivdi3.o)
 .ARM.attributes
                0x00000d06       0x1e c:/program files (x86)/gnu tools arm embedded/4.9 2015q2/bin/../lib/gcc/arm-none-eabi/4.9.3/armv6-m\libgcc.a(_clzdi2.o)

.debug_frame    0x00000000     0x3a48
 .debug_frame   0x00000000      0x144 ..\obj\delay.o
 .debug_frame   0x00000144      0x524 ..\obj\stm32f0xx_rcc.o
 .debug_frame   0x00000668       0x70 ..\obj\USART_Init.o
 .debug_frame   0x000006d8       0xe8 ..\obj\stm32f0xx_iwdg.o
 .debug_frame   0x000007c0       0x64 ..\obj\main.o
 .debug_frame   0x00000824      0x10c ..\obj\GPIO.o
 .debug_frame   0x00000930       0xcc ..\obj\Alarm.o
 .debug_frame   0x000009fc      0x1b0 ..\obj\stm32f0xx_gpio.o
 .debug_frame   0x00000bac      0x6a0 ..\obj\stm32f0xx_rtc.o
 .debug_frame   0x0000124c      0x12c ..\obj\syscalls.o
 .debug_frame   0x00001378      0x630 ..\obj\stm32f0xx_usart.o
 .debug_frame   0x000019a8      0xbb0 ..\obj\stm32f0xx_tim.o
 .debug_frame   0x00002558       0x6c ..\obj\system_stm32f0xx.o
 .debug_frame   0x000025c4      0x10c ..\obj\stm32f0xx_exti.o
 .debug_frame   0x000026d0      0x110 ..\obj\stm32f0xx_syscfg.o
 .debug_frame   0x000027e0      0x148 ..\obj\stm32f0xx_pwr.o
 .debug_frame   0x00002928       0x70 ..\obj\stm32f0xx_misc.o
 .debug_frame   0x00002998       0x20 c:/program files (x86)/gnu tools arm embedded/4.9 2015q2/bin/../lib/gcc/arm-none-eabi/4.9.3/armv6-m\libgcc.a(_udivsi3.o)
 .debug_frame   0x000029b8       0x48 c:/program files (x86)/gnu tools arm embedded/4.9 2015q2/bin/../lib/gcc/arm-none-eabi/4.9.3/../../../../arm-none-eabi/lib/armv6-m\libg.a(lib_a-printf.o)
 .debug_frame   0x00002a00       0x78 c:/program files (x86)/gnu tools arm embedded/4.9 2015q2/bin/../lib/gcc/arm-none-eabi/4.9.3/../../../../arm-none-eabi/lib/armv6-m\libg.a(lib_a-vfprintf.o)
 .debug_frame   0x00002a78       0x2c c:/program files (x86)/gnu tools arm embedded/4.9 2015q2/bin/../lib/gcc/arm-none-eabi/4.9.3/../../../../arm-none-eabi/lib/armv6-m\libg.a(lib_a-wsetup.o)
 .debug_frame   0x00002aa4       0x68 c:/program files (x86)/gnu tools arm embedded/4.9 2015q2/bin/../lib/gcc/arm-none-eabi/4.9.3/../../../../arm-none-eabi/lib/armv6-m\libg.a(lib_a-dtoa.o)
 .debug_frame   0x00002b0c       0x68 c:/program files (x86)/gnu tools arm embedded/4.9 2015q2/bin/../lib/gcc/arm-none-eabi/4.9.3/../../../../arm-none-eabi/lib/armv6-m\libg.a(lib_a-fflush.o)
 .debug_frame   0x00002b74      0x14c c:/program files (x86)/gnu tools arm embedded/4.9 2015q2/bin/../lib/gcc/arm-none-eabi/4.9.3/../../../../arm-none-eabi/lib/armv6-m\libg.a(lib_a-findfp.o)
 .debug_frame   0x00002cc0       0x54 c:/program files (x86)/gnu tools arm embedded/4.9 2015q2/bin/../lib/gcc/arm-none-eabi/4.9.3/../../../../arm-none-eabi/lib/armv6-m\libg.a(lib_a-freer.o)
 .debug_frame   0x00002d14       0x5c c:/program files (x86)/gnu tools arm embedded/4.9 2015q2/bin/../lib/gcc/arm-none-eabi/4.9.3/../../../../arm-none-eabi/lib/armv6-m\libg.a(lib_a-fwalk.o)
 .debug_frame   0x00002d70       0xa4 c:/program files (x86)/gnu tools arm embedded/4.9 2015q2/bin/../lib/gcc/arm-none-eabi/4.9.3/../../../../arm-none-eabi/lib/armv6-m\libg.a(lib_a-locale.o)
 .debug_frame   0x00002e14       0x38 c:/program files (x86)/gnu tools arm embedded/4.9 2015q2/bin/../lib/gcc/arm-none-eabi/4.9.3/../../../../arm-none-eabi/lib/armv6-m\libg.a(lib_a-makebuf.o)
 .debug_frame   0x00002e4c       0x3c c:/program files (x86)/gnu tools arm embedded/4.9 2015q2/bin/../lib/gcc/arm-none-eabi/4.9.3/../../../../arm-none-eabi/lib/armv6-m\libg.a(lib_a-mallocr.o)
 .debug_frame   0x00002e88       0x2c c:/program files (x86)/gnu tools arm embedded/4.9 2015q2/bin/../lib/gcc/arm-none-eabi/4.9.3/../../../../arm-none-eabi/lib/armv6-m\libg.a(lib_a-memchr.o)
 .debug_frame   0x00002eb4       0x2c c:/program files (x86)/gnu tools arm embedded/4.9 2015q2/bin/../lib/gcc/arm-none-eabi/4.9.3/../../../../arm-none-eabi/lib/armv6-m\libg.a(lib_a-memcpy.o)
 .debug_frame   0x00002ee0       0x2c c:/program files (x86)/gnu tools arm embedded/4.9 2015q2/bin/../lib/gcc/arm-none-eabi/4.9.3/../../../../arm-none-eabi/lib/armv6-m\libg.a(lib_a-memset.o)
 .debug_frame   0x00002f0c       0x30 c:/program files (x86)/gnu tools arm embedded/4.9 2015q2/bin/../lib/gcc/arm-none-eabi/4.9.3/../../../../arm-none-eabi/lib/armv6-m\libg.a(lib_a-mlock.o)
 .debug_frame   0x00002f3c      0x25c c:/program files (x86)/gnu tools arm embedded/4.9 2015q2/bin/../lib/gcc/arm-none-eabi/4.9.3/../../../../arm-none-eabi/lib/armv6-m\libg.a(lib_a-mprec.o)
 .debug_frame   0x00003198       0x2c c:/program files (x86)/gnu tools arm embedded/4.9 2015q2/bin/../lib/gcc/arm-none-eabi/4.9.3/../../../../arm-none-eabi/lib/armv6-m\libg.a(lib_a-s_fpclassify.o)
 .debug_frame   0x000031c4       0x2c c:/program files (x86)/gnu tools arm embedded/4.9 2015q2/bin/../lib/gcc/arm-none-eabi/4.9.3/../../../../arm-none-eabi/lib/armv6-m\libg.a(lib_a-sbrkr.o)
 .debug_frame   0x000031f0       0x90 c:/program files (x86)/gnu tools arm embedded/4.9 2015q2/bin/../lib/gcc/arm-none-eabi/4.9.3/../../../../arm-none-eabi/lib/armv6-m\libg.a(lib_a-stdio.o)
 .debug_frame   0x00003280       0x28 c:/program files (x86)/gnu tools arm embedded/4.9 2015q2/bin/../lib/gcc/arm-none-eabi/4.9.3/../../../../arm-none-eabi/lib/armv6-m\libg.a(lib_a-strlen.o)
 .debug_frame   0x000032a8       0xb8 c:/program files (x86)/gnu tools arm embedded/4.9 2015q2/bin/../lib/gcc/arm-none-eabi/4.9.3/../../../../arm-none-eabi/lib/armv6-m\libg.a(lib_a-vfiprintf.o)
 .debug_frame   0x00003360       0x2c c:/program files (x86)/gnu tools arm embedded/4.9 2015q2/bin/../lib/gcc/arm-none-eabi/4.9.3/../../../../arm-none-eabi/lib/armv6-m\libg.a(lib_a-writer.o)
 .debug_frame   0x0000338c       0x28 c:/program files (x86)/gnu tools arm embedded/4.9 2015q2/bin/../lib/gcc/arm-none-eabi/4.9.3/../../../../arm-none-eabi/lib/armv6-m\libg.a(lib_a-callocr.o)
 .debug_frame   0x000033b4       0x2c c:/program files (x86)/gnu tools arm embedded/4.9 2015q2/bin/../lib/gcc/arm-none-eabi/4.9.3/../../../../arm-none-eabi/lib/armv6-m\libg.a(lib_a-closer.o)
 .debug_frame   0x000033e0       0x44 c:/program files (x86)/gnu tools arm embedded/4.9 2015q2/bin/../lib/gcc/arm-none-eabi/4.9.3/../../../../arm-none-eabi/lib/armv6-m\libg.a(lib_a-fclose.o)
 .debug_frame   0x00003424       0x6c c:/program files (x86)/gnu tools arm embedded/4.9 2015q2/bin/../lib/gcc/arm-none-eabi/4.9.3/../../../../arm-none-eabi/lib/armv6-m\libg.a(lib_a-fputwc.o)
 .debug_frame   0x00003490       0x2c c:/program files (x86)/gnu tools arm embedded/4.9 2015q2/bin/../lib/gcc/arm-none-eabi/4.9.3/../../../../arm-none-eabi/lib/armv6-m\libg.a(lib_a-fstatr.o)
 .debug_frame   0x000034bc       0x3c c:/program files (x86)/gnu tools arm embedded/4.9 2015q2/bin/../lib/gcc/arm-none-eabi/4.9.3/../../../../arm-none-eabi/lib/armv6-m\libg.a(lib_a-fvwrite.o)
 .debug_frame   0x000034f8       0x2c c:/program files (x86)/gnu tools arm embedded/4.9 2015q2/bin/../lib/gcc/arm-none-eabi/4.9.3/../../../../arm-none-eabi/lib/armv6-m\libg.a(lib_a-isattyr.o)
 .debug_frame   0x00003524       0x2c c:/program files (x86)/gnu tools arm embedded/4.9 2015q2/bin/../lib/gcc/arm-none-eabi/4.9.3/../../../../arm-none-eabi/lib/armv6-m\libg.a(lib_a-lseekr.o)
 .debug_frame   0x00003550       0x2c c:/program files (x86)/gnu tools arm embedded/4.9 2015q2/bin/../lib/gcc/arm-none-eabi/4.9.3/../../../../arm-none-eabi/lib/armv6-m\libg.a(lib_a-memmove.o)
 .debug_frame   0x0000357c       0x2c c:/program files (x86)/gnu tools arm embedded/4.9 2015q2/bin/../lib/gcc/arm-none-eabi/4.9.3/../../../../arm-none-eabi/lib/armv6-m\libg.a(lib_a-readr.o)
 .debug_frame   0x000035a8       0x3c c:/program files (x86)/gnu tools arm embedded/4.9 2015q2/bin/../lib/gcc/arm-none-eabi/4.9.3/../../../../arm-none-eabi/lib/armv6-m\libg.a(lib_a-reallocr.o)
 .debug_frame   0x000035e4       0x48 c:/program files (x86)/gnu tools arm embedded/4.9 2015q2/bin/../lib/gcc/arm-none-eabi/4.9.3/../../../../arm-none-eabi/lib/armv6-m\libg.a(lib_a-reent.o)
 .debug_frame   0x0000362c       0x44 c:/program files (x86)/gnu tools arm embedded/4.9 2015q2/bin/../lib/gcc/arm-none-eabi/4.9.3/../../../../arm-none-eabi/lib/armv6-m\libg.a(lib_a-wbuf.o)
 .debug_frame   0x00003670       0x60 c:/program files (x86)/gnu tools arm embedded/4.9 2015q2/bin/../lib/gcc/arm-none-eabi/4.9.3/../../../../arm-none-eabi/lib/armv6-m\libg.a(lib_a-wcrtomb.o)
 .debug_frame   0x000036d0       0x48 c:/program files (x86)/gnu tools arm embedded/4.9 2015q2/bin/../lib/gcc/arm-none-eabi/4.9.3/../../../../arm-none-eabi/lib/armv6-m\libg.a(lib_a-wctomb_r.o)
 .debug_frame   0x00003718       0x20 c:/program files (x86)/gnu tools arm embedded/4.9 2015q2/bin/../lib/gcc/arm-none-eabi/4.9.3/armv6-m\libgcc.a(_divsi3.o)
 .debug_frame   0x00003738       0x50 c:/program files (x86)/gnu tools arm embedded/4.9 2015q2/bin/../lib/gcc/arm-none-eabi/4.9.3/armv6-m\libgcc.a(bpabi.o)
 .debug_frame   0x00003788       0x38 c:/program files (x86)/gnu tools arm embedded/4.9 2015q2/bin/../lib/gcc/arm-none-eabi/4.9.3/armv6-m\libgcc.a(adddf3.o)
 .debug_frame   0x000037c0       0x3c c:/program files (x86)/gnu tools arm embedded/4.9 2015q2/bin/../lib/gcc/arm-none-eabi/4.9.3/armv6-m\libgcc.a(divdf3.o)
 .debug_frame   0x000037fc       0x38 c:/program files (x86)/gnu tools arm embedded/4.9 2015q2/bin/../lib/gcc/arm-none-eabi/4.9.3/armv6-m\libgcc.a(eqdf2.o)
 .debug_frame   0x00003834       0x38 c:/program files (x86)/gnu tools arm embedded/4.9 2015q2/bin/../lib/gcc/arm-none-eabi/4.9.3/armv6-m\libgcc.a(gedf2.o)
 .debug_frame   0x0000386c       0x38 c:/program files (x86)/gnu tools arm embedded/4.9 2015q2/bin/../lib/gcc/arm-none-eabi/4.9.3/armv6-m\libgcc.a(ledf2.o)
 .debug_frame   0x000038a4       0x3c c:/program files (x86)/gnu tools arm embedded/4.9 2015q2/bin/../lib/gcc/arm-none-eabi/4.9.3/armv6-m\libgcc.a(muldf3.o)
 .debug_frame   0x000038e0       0x3c c:/program files (x86)/gnu tools arm embedded/4.9 2015q2/bin/../lib/gcc/arm-none-eabi/4.9.3/armv6-m\libgcc.a(subdf3.o)
 .debug_frame   0x0000391c       0x2c c:/program files (x86)/gnu tools arm embedded/4.9 2015q2/bin/../lib/gcc/arm-none-eabi/4.9.3/armv6-m\libgcc.a(fixdfsi.o)
 .debug_frame   0x00003948       0x2c c:/program files (x86)/gnu tools arm embedded/4.9 2015q2/bin/../lib/gcc/arm-none-eabi/4.9.3/armv6-m\libgcc.a(floatsidf.o)
 .debug_frame   0x00003974       0x28 c:/program files (x86)/gnu tools arm embedded/4.9 2015q2/bin/../lib/gcc/arm-none-eabi/4.9.3/armv6-m\libgcc.a(floatunsidf.o)
 .debug_frame   0x0000399c       0x34 c:/program files (x86)/gnu tools arm embedded/4.9 2015q2/bin/../lib/gcc/arm-none-eabi/4.9.3/armv6-m\libgcc.a(_muldi3.o)
 .debug_frame   0x000039d0       0x3c c:/program files (x86)/gnu tools arm embedded/4.9 2015q2/bin/../lib/gcc/arm-none-eabi/4.9.3/armv6-m\libgcc.a(_divdi3.o)
 .debug_frame   0x00003a0c       0x3c c:/program files (x86)/gnu tools arm embedded/4.9 2015q2/bin/../lib/gcc/arm-none-eabi/4.9.3/armv6-m\libgcc.a(_udivdi3.o)
